<?xml version="1.0" encoding="ISO-8859-1" ?>
<link_info>
   <banner>MSP430 Linker PC v18.1.4.LTS</banner>
   <copyright>Copyright (c) 2003-2018 Texas Instruments Incorporated</copyright>
   <link_time>0x5d2ec940</link_time>
   <link_errors>0x0</link_errors>
   <output_file>OurADC.out</output_file>
   <entry_point>
      <name>_c_int00_noargs</name>
      <address>0xddce</address>
   </entry_point>
   <input_file_list>
      <input_file id="fl-2">
         <path>.\</path>
         <kind>object</kind>
         <file>adc.obj</file>
         <name>adc.obj</name>
      </input_file>
      <input_file id="fl-3">
         <path>.\</path>
         <kind>object</kind>
         <file>crc.obj</file>
         <name>crc.obj</name>
      </input_file>
      <input_file id="fl-4">
         <path>.\</path>
         <kind>object</kind>
         <file>cs.obj</file>
         <name>cs.obj</name>
      </input_file>
      <input_file id="fl-5">
         <path>.\</path>
         <kind>object</kind>
         <file>ecomp.obj</file>
         <name>ecomp.obj</name>
      </input_file>
      <input_file id="fl-6">
         <path>.\</path>
         <kind>object</kind>
         <file>eusci_a_spi.obj</file>
         <name>eusci_a_spi.obj</name>
      </input_file>
      <input_file id="fl-7">
         <path>.\</path>
         <kind>object</kind>
         <file>eusci_a_uart.obj</file>
         <name>eusci_a_uart.obj</name>
      </input_file>
      <input_file id="fl-8">
         <path>.\</path>
         <kind>object</kind>
         <file>eusci_b_i2c.obj</file>
         <name>eusci_b_i2c.obj</name>
      </input_file>
      <input_file id="fl-9">
         <path>.\</path>
         <kind>object</kind>
         <file>eusci_b_spi.obj</file>
         <name>eusci_b_spi.obj</name>
      </input_file>
      <input_file id="fl-a">
         <path>.\</path>
         <kind>object</kind>
         <file>framctl.obj</file>
         <name>framctl.obj</name>
      </input_file>
      <input_file id="fl-b">
         <path>.\</path>
         <kind>object</kind>
         <file>gpio.obj</file>
         <name>gpio.obj</name>
      </input_file>
      <input_file id="fl-c">
         <path>.\</path>
         <kind>object</kind>
         <file>hal_LCD.obj</file>
         <name>hal_LCD.obj</name>
      </input_file>
      <input_file id="fl-d">
         <path>.\</path>
         <kind>object</kind>
         <file>icc.obj</file>
         <name>icc.obj</name>
      </input_file>
      <input_file id="fl-e">
         <path>.\</path>
         <kind>object</kind>
         <file>lcd_e.obj</file>
         <name>lcd_e.obj</name>
      </input_file>
      <input_file id="fl-f">
         <path>.\</path>
         <kind>object</kind>
         <file>mpy32.obj</file>
         <name>mpy32.obj</name>
      </input_file>
      <input_file id="fl-10">
         <path>.\</path>
         <kind>object</kind>
         <file>ouradc.obj</file>
         <name>ouradc.obj</name>
      </input_file>
      <input_file id="fl-11">
         <path>.\</path>
         <kind>object</kind>
         <file>pmm.obj</file>
         <name>pmm.obj</name>
      </input_file>
      <input_file id="fl-12">
         <path>.\</path>
         <kind>object</kind>
         <file>rtc.obj</file>
         <name>rtc.obj</name>
      </input_file>
      <input_file id="fl-13">
         <path>.\</path>
         <kind>object</kind>
         <file>sac.obj</file>
         <name>sac.obj</name>
      </input_file>
      <input_file id="fl-14">
         <path>.\</path>
         <kind>object</kind>
         <file>sfr.obj</file>
         <name>sfr.obj</name>
      </input_file>
      <input_file id="fl-15">
         <path>.\</path>
         <kind>object</kind>
         <file>sysctl.obj</file>
         <name>sysctl.obj</name>
      </input_file>
      <input_file id="fl-16">
         <path>.\</path>
         <kind>object</kind>
         <file>tia.obj</file>
         <name>tia.obj</name>
      </input_file>
      <input_file id="fl-17">
         <path>.\</path>
         <kind>object</kind>
         <file>timer_a.obj</file>
         <name>timer_a.obj</name>
      </input_file>
      <input_file id="fl-18">
         <path>.\</path>
         <kind>object</kind>
         <file>timer_b.obj</file>
         <name>timer_b.obj</name>
      </input_file>
      <input_file id="fl-19">
         <path>.\</path>
         <kind>object</kind>
         <file>tlv.obj</file>
         <name>tlv.obj</name>
      </input_file>
      <input_file id="fl-1a">
         <path>.\</path>
         <kind>object</kind>
         <file>wdt_a.obj</file>
         <name>wdt_a.obj</name>
      </input_file>
      <input_file id="fl-1f">
         <kind>object</kind>
         <file>&lt;internal&gt;</file>
         <name>&lt;internal&gt;</name>
      </input_file>
      <input_file id="fl-35">
         <path>C:\Software\ccs83\ccsv8\tools\compiler\ti-cgt-msp430_18.1.4.LTS\lib\</path>
         <kind>archive</kind>
         <file>rts430x_lc_sd_eabi.lib</file>
         <name>div16s.asm.obj</name>
      </input_file>
      <input_file id="fl-36">
         <path>C:\Software\ccs83\ccsv8\tools\compiler\ti-cgt-msp430_18.1.4.LTS\lib\</path>
         <kind>archive</kind>
         <file>rts430x_lc_sd_eabi.lib</file>
         <name>div16u.asm.obj</name>
      </input_file>
      <input_file id="fl-37">
         <path>C:\Software\ccs83\ccsv8\tools\compiler\ti-cgt-msp430_18.1.4.LTS\lib\</path>
         <kind>archive</kind>
         <file>rts430x_lc_sd_eabi.lib</file>
         <name>div32s.asm.obj</name>
      </input_file>
      <input_file id="fl-38">
         <path>C:\Software\ccs83\ccsv8\tools\compiler\ti-cgt-msp430_18.1.4.LTS\lib\</path>
         <kind>archive</kind>
         <file>rts430x_lc_sd_eabi.lib</file>
         <name>div32u.asm.obj</name>
      </input_file>
      <input_file id="fl-39">
         <path>C:\Software\ccs83\ccsv8\tools\compiler\ti-cgt-msp430_18.1.4.LTS\lib\</path>
         <kind>archive</kind>
         <file>rts430x_lc_sd_eabi.lib</file>
         <name>int45.asm.obj</name>
      </input_file>
      <input_file id="fl-3a">
         <path>C:\Software\ccs83\ccsv8\tools\compiler\ti-cgt-msp430_18.1.4.LTS\lib\</path>
         <kind>archive</kind>
         <file>rts430x_lc_sd_eabi.lib</file>
         <name>int46.asm.obj</name>
      </input_file>
      <input_file id="fl-3b">
         <path>C:\Software\ccs83\ccsv8\tools\compiler\ti-cgt-msp430_18.1.4.LTS\lib\</path>
         <kind>archive</kind>
         <file>rts430x_lc_sd_eabi.lib</file>
         <name>int47.asm.obj</name>
      </input_file>
      <input_file id="fl-3c">
         <path>C:\Software\ccs83\ccsv8\tools\compiler\ti-cgt-msp430_18.1.4.LTS\lib\</path>
         <kind>archive</kind>
         <file>rts430x_lc_sd_eabi.lib</file>
         <name>int49.asm.obj</name>
      </input_file>
      <input_file id="fl-3d">
         <path>C:\Software\ccs83\ccsv8\tools\compiler\ti-cgt-msp430_18.1.4.LTS\lib\</path>
         <kind>archive</kind>
         <file>rts430x_lc_sd_eabi.lib</file>
         <name>int51.asm.obj</name>
      </input_file>
      <input_file id="fl-3e">
         <path>C:\Software\ccs83\ccsv8\tools\compiler\ti-cgt-msp430_18.1.4.LTS\lib\</path>
         <kind>archive</kind>
         <file>rts430x_lc_sd_eabi.lib</file>
         <name>int52.asm.obj</name>
      </input_file>
      <input_file id="fl-3f">
         <path>C:\Software\ccs83\ccsv8\tools\compiler\ti-cgt-msp430_18.1.4.LTS\lib\</path>
         <kind>archive</kind>
         <file>rts430x_lc_sd_eabi.lib</file>
         <name>int53.asm.obj</name>
      </input_file>
      <input_file id="fl-40">
         <path>C:\Software\ccs83\ccsv8\tools\compiler\ti-cgt-msp430_18.1.4.LTS\lib\</path>
         <kind>archive</kind>
         <file>rts430x_lc_sd_eabi.lib</file>
         <name>int54.asm.obj</name>
      </input_file>
      <input_file id="fl-41">
         <path>C:\Software\ccs83\ccsv8\tools\compiler\ti-cgt-msp430_18.1.4.LTS\lib\</path>
         <kind>archive</kind>
         <file>rts430x_lc_sd_eabi.lib</file>
         <name>int55.asm.obj</name>
      </input_file>
      <input_file id="fl-42">
         <path>C:\Software\ccs83\ccsv8\tools\compiler\ti-cgt-msp430_18.1.4.LTS\lib\</path>
         <kind>archive</kind>
         <file>rts430x_lc_sd_eabi.lib</file>
         <name>int56.asm.obj</name>
      </input_file>
      <input_file id="fl-43">
         <path>C:\Software\ccs83\ccsv8\tools\compiler\ti-cgt-msp430_18.1.4.LTS\lib\</path>
         <kind>archive</kind>
         <file>rts430x_lc_sd_eabi.lib</file>
         <name>int57.asm.obj</name>
      </input_file>
      <input_file id="fl-44">
         <path>C:\Software\ccs83\ccsv8\tools\compiler\ti-cgt-msp430_18.1.4.LTS\lib\</path>
         <kind>archive</kind>
         <file>rts430x_lc_sd_eabi.lib</file>
         <name>int58.asm.obj</name>
      </input_file>
      <input_file id="fl-45">
         <path>C:\Software\ccs83\ccsv8\tools\compiler\ti-cgt-msp430_18.1.4.LTS\lib\</path>
         <kind>archive</kind>
         <file>rts430x_lc_sd_eabi.lib</file>
         <name>isr_trap.asm.obj</name>
      </input_file>
      <input_file id="fl-46">
         <path>C:\Software\ccs83\ccsv8\tools\compiler\ti-cgt-msp430_18.1.4.LTS\lib\</path>
         <kind>archive</kind>
         <file>rts430x_lc_sd_eabi.lib</file>
         <name>lsl16.asm.obj</name>
      </input_file>
      <input_file id="fl-47">
         <path>C:\Software\ccs83\ccsv8\tools\compiler\ti-cgt-msp430_18.1.4.LTS\lib\</path>
         <kind>archive</kind>
         <file>rts430x_lc_sd_eabi.lib</file>
         <name>lsr16.asm.obj</name>
      </input_file>
      <input_file id="fl-48">
         <path>C:\Software\ccs83\ccsv8\tools\compiler\ti-cgt-msp430_18.1.4.LTS\lib\</path>
         <kind>archive</kind>
         <file>rts430x_lc_sd_eabi.lib</file>
         <name>mult32.asm.obj</name>
      </input_file>
      <input_file id="fl-49">
         <path>C:\Software\ccs83\ccsv8\tools\compiler\ti-cgt-msp430_18.1.4.LTS\lib\</path>
         <kind>archive</kind>
         <file>rts430x_lc_sd_eabi.lib</file>
         <name>boot.c.obj</name>
      </input_file>
      <input_file id="fl-4a">
         <path>C:\Software\ccs83\ccsv8\tools\compiler\ti-cgt-msp430_18.1.4.LTS\lib\</path>
         <kind>archive</kind>
         <file>rts430x_lc_sd_eabi.lib</file>
         <name>autoinit.c.obj</name>
      </input_file>
      <input_file id="fl-4b">
         <path>C:\Software\ccs83\ccsv8\tools\compiler\ti-cgt-msp430_18.1.4.LTS\lib\</path>
         <kind>archive</kind>
         <file>rts430x_lc_sd_eabi.lib</file>
         <name>copy_zero_init.c.obj</name>
      </input_file>
      <input_file id="fl-4c">
         <path>C:\Software\ccs83\ccsv8\tools\compiler\ti-cgt-msp430_18.1.4.LTS\lib\</path>
         <kind>archive</kind>
         <file>rts430x_lc_sd_eabi.lib</file>
         <name>cpy_tbl.c.obj</name>
      </input_file>
      <input_file id="fl-4d">
         <path>C:\Software\ccs83\ccsv8\tools\compiler\ti-cgt-msp430_18.1.4.LTS\lib\</path>
         <kind>archive</kind>
         <file>rts430x_lc_sd_eabi.lib</file>
         <name>mpu_init.c.obj</name>
      </input_file>
      <input_file id="fl-4e">
         <path>C:\Software\ccs83\ccsv8\tools\compiler\ti-cgt-msp430_18.1.4.LTS\lib\</path>
         <kind>archive</kind>
         <file>rts430x_lc_sd_eabi.lib</file>
         <name>pre_init.c.obj</name>
      </input_file>
      <input_file id="fl-4f">
         <path>C:\Software\ccs83\ccsv8\tools\compiler\ti-cgt-msp430_18.1.4.LTS\lib\</path>
         <kind>archive</kind>
         <file>rts430x_lc_sd_eabi.lib</file>
         <name>startup.c.obj</name>
      </input_file>
      <input_file id="fl-50">
         <path>C:\Software\ccs83\ccsv8\tools\compiler\ti-cgt-msp430_18.1.4.LTS\lib\</path>
         <kind>archive</kind>
         <file>rts430x_lc_sd_eabi.lib</file>
         <name>copy_decompress_none.c.obj</name>
      </input_file>
      <input_file id="fl-51">
         <path>C:\Software\ccs83\ccsv8\tools\compiler\ti-cgt-msp430_18.1.4.LTS\lib\</path>
         <kind>archive</kind>
         <file>rts430x_lc_sd_eabi.lib</file>
         <name>copy_decompress_lzss.c.obj</name>
      </input_file>
      <input_file id="fl-52">
         <path>C:\Software\ccs83\ccsv8\tools\compiler\ti-cgt-msp430_18.1.4.LTS\lib\</path>
         <kind>archive</kind>
         <file>rts430x_lc_sd_eabi.lib</file>
         <name>exit.c.obj</name>
      </input_file>
      <input_file id="fl-53">
         <path>C:\Software\ccs83\ccsv8\tools\compiler\ti-cgt-msp430_18.1.4.LTS\lib\</path>
         <kind>archive</kind>
         <file>rts430x_lc_sd_eabi.lib</file>
         <name>_lock.c.obj</name>
      </input_file>
      <input_file id="fl-54">
         <path>C:\Software\ccs83\ccsv8\tools\compiler\ti-cgt-msp430_18.1.4.LTS\lib\</path>
         <kind>archive</kind>
         <file>rts430x_lc_sd_eabi.lib</file>
         <name>args_main.c.obj</name>
      </input_file>
      <input_file id="fl-55">
         <path>C:\Software\ccs83\ccsv8\tools\compiler\ti-cgt-msp430_18.1.4.LTS\lib\</path>
         <kind>archive</kind>
         <file>rts430x_lc_sd_eabi.lib</file>
         <name>memcpy.c.obj</name>
      </input_file>
      <input_file id="fl-56">
         <path>C:\Software\ccs83\ccsv8\tools\compiler\ti-cgt-msp430_18.1.4.LTS\lib\</path>
         <kind>archive</kind>
         <file>rts430x_lc_sd_eabi.lib</file>
         <name>printf.c.obj</name>
      </input_file>
      <input_file id="fl-57">
         <path>C:\Software\ccs83\ccsv8\tools\compiler\ti-cgt-msp430_18.1.4.LTS\lib\</path>
         <kind>archive</kind>
         <file>rts430x_lc_sd_eabi.lib</file>
         <name>strlen.c.obj</name>
      </input_file>
      <input_file id="fl-58">
         <path>C:\Software\ccs83\ccsv8\tools\compiler\ti-cgt-msp430_18.1.4.LTS\lib\</path>
         <kind>archive</kind>
         <file>rts430x_lc_sd_eabi.lib</file>
         <name>cpy_util.asm.obj</name>
      </input_file>
      <input_file id="fl-59">
         <path>C:\Software\ccs83\ccsv8\tools\compiler\ti-cgt-msp430_18.1.4.LTS\lib\</path>
         <kind>archive</kind>
         <file>rts430x_lc_sd_eabi.lib</file>
         <name>mult16.asm.obj</name>
      </input_file>
      <input_file id="fl-5a">
         <path>C:\Software\ccs83\ccsv8\tools\compiler\ti-cgt-msp430_18.1.4.LTS\lib\</path>
         <kind>archive</kind>
         <file>rts430x_lc_sd_eabi.lib</file>
         <name>exit_gvars.c.obj</name>
      </input_file>
      <input_file id="fl-5b">
         <path>C:\Software\ccs83\ccsv8\tools\compiler\ti-cgt-msp430_18.1.4.LTS\lib\</path>
         <kind>archive</kind>
         <file>rts430x_lc_sd_eabi.lib</file>
         <name>_printfi_min.c.obj</name>
      </input_file>
      <input_file id="fl-5c">
         <path>C:\Software\ccs83\ccsv8\tools\compiler\ti-cgt-msp430_18.1.4.LTS\lib\</path>
         <kind>archive</kind>
         <file>rts430x_lc_sd_eabi.lib</file>
         <name>defs.c.obj</name>
      </input_file>
      <input_file id="fl-5d">
         <path>C:\Software\ccs83\ccsv8\tools\compiler\ti-cgt-msp430_18.1.4.LTS\lib\</path>
         <kind>archive</kind>
         <file>rts430x_lc_sd_eabi.lib</file>
         <name>fputc.c.obj</name>
      </input_file>
      <input_file id="fl-5e">
         <path>C:\Software\ccs83\ccsv8\tools\compiler\ti-cgt-msp430_18.1.4.LTS\lib\</path>
         <kind>archive</kind>
         <file>rts430x_lc_sd_eabi.lib</file>
         <name>fputs.c.obj</name>
      </input_file>
      <input_file id="fl-5f">
         <path>C:\Software\ccs83\ccsv8\tools\compiler\ti-cgt-msp430_18.1.4.LTS\lib\</path>
         <kind>archive</kind>
         <file>rts430x_lc_sd_eabi.lib</file>
         <name>memccpy.c.obj</name>
      </input_file>
      <input_file id="fl-60">
         <path>C:\Software\ccs83\ccsv8\tools\compiler\ti-cgt-msp430_18.1.4.LTS\lib\</path>
         <kind>archive</kind>
         <file>rts430x_lc_sd_eabi.lib</file>
         <name>memchr.c.obj</name>
      </input_file>
      <input_file id="fl-61">
         <path>C:\Software\ccs83\ccsv8\tools\compiler\ti-cgt-msp430_18.1.4.LTS\lib\</path>
         <kind>archive</kind>
         <file>rts430x_lc_sd_eabi.lib</file>
         <name>memset.c.obj</name>
      </input_file>
      <input_file id="fl-62">
         <path>C:\Software\ccs83\ccsv8\tools\compiler\ti-cgt-msp430_18.1.4.LTS\lib\</path>
         <kind>archive</kind>
         <file>rts430x_lc_sd_eabi.lib</file>
         <name>write.c.obj</name>
      </input_file>
      <input_file id="fl-63">
         <path>C:\Software\ccs83\ccsv8\tools\compiler\ti-cgt-msp430_18.1.4.LTS\lib\</path>
         <kind>archive</kind>
         <file>rts430x_lc_sd_eabi.lib</file>
         <name>lsr64.c.obj</name>
      </input_file>
      <input_file id="fl-64">
         <path>C:\Software\ccs83\ccsv8\tools\compiler\ti-cgt-msp430_18.1.4.LTS\lib\</path>
         <kind>archive</kind>
         <file>rts430x_lc_sd_eabi.lib</file>
         <name>_io_perm.c.obj</name>
      </input_file>
      <input_file id="fl-65">
         <path>C:\Software\ccs83\ccsv8\tools\compiler\ti-cgt-msp430_18.1.4.LTS\lib\</path>
         <kind>archive</kind>
         <file>rts430x_lc_sd_eabi.lib</file>
         <name>fflush.c.obj</name>
      </input_file>
      <input_file id="fl-66">
         <path>C:\Software\ccs83\ccsv8\tools\compiler\ti-cgt-msp430_18.1.4.LTS\lib\</path>
         <kind>archive</kind>
         <file>rts430x_lc_sd_eabi.lib</file>
         <name>fseek.c.obj</name>
      </input_file>
      <input_file id="fl-67">
         <path>C:\Software\ccs83\ccsv8\tools\compiler\ti-cgt-msp430_18.1.4.LTS\lib\</path>
         <kind>archive</kind>
         <file>rts430x_lc_sd_eabi.lib</file>
         <name>lseek.c.obj</name>
      </input_file>
      <input_file id="fl-68">
         <path>C:\Software\ccs83\ccsv8\tools\compiler\ti-cgt-msp430_18.1.4.LTS\lib\</path>
         <kind>archive</kind>
         <file>rts430x_lc_sd_eabi.lib</file>
         <name>setvbuf.c.obj</name>
      </input_file>
      <input_file id="fl-69">
         <path>C:\Software\ccs83\ccsv8\tools\compiler\ti-cgt-msp430_18.1.4.LTS\lib\</path>
         <kind>archive</kind>
         <file>rts430x_lc_sd_eabi.lib</file>
         <name>hostclose.c.obj</name>
      </input_file>
      <input_file id="fl-6a">
         <path>C:\Software\ccs83\ccsv8\tools\compiler\ti-cgt-msp430_18.1.4.LTS\lib\</path>
         <kind>archive</kind>
         <file>rts430x_lc_sd_eabi.lib</file>
         <name>hostlseek.c.obj</name>
      </input_file>
      <input_file id="fl-6b">
         <path>C:\Software\ccs83\ccsv8\tools\compiler\ti-cgt-msp430_18.1.4.LTS\lib\</path>
         <kind>archive</kind>
         <file>rts430x_lc_sd_eabi.lib</file>
         <name>hostopen.c.obj</name>
      </input_file>
      <input_file id="fl-6c">
         <path>C:\Software\ccs83\ccsv8\tools\compiler\ti-cgt-msp430_18.1.4.LTS\lib\</path>
         <kind>archive</kind>
         <file>rts430x_lc_sd_eabi.lib</file>
         <name>hostread.c.obj</name>
      </input_file>
      <input_file id="fl-6d">
         <path>C:\Software\ccs83\ccsv8\tools\compiler\ti-cgt-msp430_18.1.4.LTS\lib\</path>
         <kind>archive</kind>
         <file>rts430x_lc_sd_eabi.lib</file>
         <name>hostrename.c.obj</name>
      </input_file>
      <input_file id="fl-6e">
         <path>C:\Software\ccs83\ccsv8\tools\compiler\ti-cgt-msp430_18.1.4.LTS\lib\</path>
         <kind>archive</kind>
         <file>rts430x_lc_sd_eabi.lib</file>
         <name>hostunlink.c.obj</name>
      </input_file>
      <input_file id="fl-6f">
         <path>C:\Software\ccs83\ccsv8\tools\compiler\ti-cgt-msp430_18.1.4.LTS\lib\</path>
         <kind>archive</kind>
         <file>rts430x_lc_sd_eabi.lib</file>
         <name>hostwrite.c.obj</name>
      </input_file>
      <input_file id="fl-70">
         <path>C:\Software\ccs83\ccsv8\tools\compiler\ti-cgt-msp430_18.1.4.LTS\lib\</path>
         <kind>archive</kind>
         <file>rts430x_lc_sd_eabi.lib</file>
         <name>trgmsg.c.obj</name>
      </input_file>
      <input_file id="fl-71">
         <path>C:\Software\ccs83\ccsv8\tools\compiler\ti-cgt-msp430_18.1.4.LTS\lib\</path>
         <kind>archive</kind>
         <file>rts430x_lc_sd_eabi.lib</file>
         <name>lsl32.asm.obj</name>
      </input_file>
      <input_file id="fl-72">
         <path>C:\Software\ccs83\ccsv8\tools\compiler\ti-cgt-msp430_18.1.4.LTS\lib\</path>
         <kind>archive</kind>
         <file>rts430x_lc_sd_eabi.lib</file>
         <name>memory.c.obj</name>
      </input_file>
      <input_file id="fl-73">
         <path>C:\Software\ccs83\ccsv8\tools\compiler\ti-cgt-msp430_18.1.4.LTS\lib\</path>
         <kind>archive</kind>
         <file>rts430x_lc_sd_eabi.lib</file>
         <name>fopen.c.obj</name>
      </input_file>
      <input_file id="fl-74">
         <path>C:\Software\ccs83\ccsv8\tools\compiler\ti-cgt-msp430_18.1.4.LTS\lib\</path>
         <kind>archive</kind>
         <file>rts430x_lc_sd_eabi.lib</file>
         <name>open.c.obj</name>
      </input_file>
      <input_file id="fl-75">
         <path>C:\Software\ccs83\ccsv8\tools\compiler\ti-cgt-msp430_18.1.4.LTS\lib\</path>
         <kind>archive</kind>
         <file>rts430x_lc_sd_eabi.lib</file>
         <name>strcpy.c.obj</name>
      </input_file>
      <input_file id="fl-76">
         <path>C:\Software\ccs83\ccsv8\tools\compiler\ti-cgt-msp430_18.1.4.LTS\lib\</path>
         <kind>archive</kind>
         <file>rts430x_lc_sd_eabi.lib</file>
         <name>fclose.c.obj</name>
      </input_file>
      <input_file id="fl-77">
         <path>C:\Software\ccs83\ccsv8\tools\compiler\ti-cgt-msp430_18.1.4.LTS\lib\</path>
         <kind>archive</kind>
         <file>rts430x_lc_sd_eabi.lib</file>
         <name>getdevice.c.obj</name>
      </input_file>
      <input_file id="fl-78">
         <path>C:\Software\ccs83\ccsv8\tools\compiler\ti-cgt-msp430_18.1.4.LTS\lib\</path>
         <kind>archive</kind>
         <file>rts430x_lc_sd_eabi.lib</file>
         <name>remove.c.obj</name>
      </input_file>
      <input_file id="fl-79">
         <path>C:\Software\ccs83\ccsv8\tools\compiler\ti-cgt-msp430_18.1.4.LTS\lib\</path>
         <kind>archive</kind>
         <file>rts430x_lc_sd_eabi.lib</file>
         <name>strchr.c.obj</name>
      </input_file>
      <input_file id="fl-7a">
         <path>C:\Software\ccs83\ccsv8\tools\compiler\ti-cgt-msp430_18.1.4.LTS\lib\</path>
         <kind>archive</kind>
         <file>rts430x_lc_sd_eabi.lib</file>
         <name>strcmp.c.obj</name>
      </input_file>
      <input_file id="fl-7b">
         <path>C:\Software\ccs83\ccsv8\tools\compiler\ti-cgt-msp430_18.1.4.LTS\lib\</path>
         <kind>archive</kind>
         <file>rts430x_lc_sd_eabi.lib</file>
         <name>strncpy.c.obj</name>
      </input_file>
      <input_file id="fl-7c">
         <path>C:\Software\ccs83\ccsv8\tools\compiler\ti-cgt-msp430_18.1.4.LTS\lib\</path>
         <kind>archive</kind>
         <file>rts430x_lc_sd_eabi.lib</file>
         <name>unlink.c.obj</name>
      </input_file>
      <input_file id="fl-7d">
         <path>C:\Software\ccs83\ccsv8\tools\compiler\ti-cgt-msp430_18.1.4.LTS\lib\</path>
         <kind>archive</kind>
         <file>rts430x_lc_sd_eabi.lib</file>
         <name>close.c.obj</name>
      </input_file>
   </input_file_list>
   <object_component_list>
      <object_component id="oc-799">
         <name>.cinit..data.load</name>
         <load_address>0xc400</load_address>
         <run_address>0xc400</run_address>
         <size>0x13e</size>
      </object_component>
      <object_component id="oc-796">
         <name>__TI_handler_table</name>
         <load_address>0xc540</load_address>
         <run_address>0xc540</run_address>
         <size>0xc</size>
      </object_component>
      <object_component id="oc-798">
         <name>.cinit..bss.load</name>
         <load_address>0xc54c</load_address>
         <run_address>0xc54c</run_address>
         <size>0x6</size>
      </object_component>
      <object_component id="oc-797">
         <name>__TI_cinit_table</name>
         <load_address>0xc552</load_address>
         <run_address>0xc552</run_address>
         <size>0x10</size>
      </object_component>
      <object_component id="oc-72e">
         <name>.binit</name>
         <load_address>0xc562</load_address>
         <run_address>0xc562</run_address>
         <size>0x0</size>
      </object_component>
      <object_component id="oc-5a2">
         <name>.const:alphabetBig</name>
         <load_address>0xc562</load_address>
         <run_address>0xc562</run_address>
         <size>0x34</size>
         <input_file_ref idref="fl-c"/>
      </object_component>
      <object_component id="oc-4f0">
         <name>.const:GPIO_PORT_TO_BASE</name>
         <load_address>0xc596</load_address>
         <run_address>0xc596</run_address>
         <size>0x1c</size>
         <input_file_ref idref="fl-b"/>
      </object_component>
      <object_component id="oc-554">
         <name>.const:.string</name>
         <load_address>0xc5b2</load_address>
         <run_address>0xc5b2</run_address>
         <size>0x14</size>
         <input_file_ref idref="fl-5b"/>
      </object_component>
      <object_component id="oc-5a5">
         <name>.const:digit</name>
         <load_address>0xc5c6</load_address>
         <run_address>0xc5c6</run_address>
         <size>0x14</size>
         <input_file_ref idref="fl-c"/>
      </object_component>
      <object_component id="oc-4a4">
         <name>.const:$P$T0$1</name>
         <load_address>0xc5da</load_address>
         <run_address>0xc5da</run_address>
         <size>0xa</size>
         <input_file_ref idref="fl-c"/>
      </object_component>
      <object_component id="oc-3b4">
         <name>.const:$P$T0$1</name>
         <load_address>0xc5e4</load_address>
         <run_address>0xc5e4</run_address>
         <size>0x8</size>
         <input_file_ref idref="fl-10"/>
      </object_component>
      <object_component id="oc-309">
         <name>.const:.string</name>
         <load_address>0xc5ec</load_address>
         <run_address>0xc5ec</run_address>
         <size>0x4</size>
         <input_file_ref idref="fl-10"/>
      </object_component>
      <object_component id="oc-343">
         <name>.text:main</name>
         <load_address>0xc5f0</load_address>
         <run_address>0xc5f0</run_address>
         <size>0x182</size>
         <input_file_ref idref="fl-10"/>
      </object_component>
      <object_component id="oc-29e">
         <name>.text:_isr:ADC_ISR</name>
         <load_address>0xc772</load_address>
         <run_address>0xc772</run_address>
         <size>0x160</size>
         <input_file_ref idref="fl-10"/>
      </object_component>
      <object_component id="oc-44d">
         <name>.text:_setfield</name>
         <load_address>0xc8d2</load_address>
         <run_address>0xc8d2</run_address>
         <size>0x10e</size>
         <input_file_ref idref="fl-5b"/>
      </object_component>
      <object_component id="oc-64">
         <name>.text:decompress:lzss:__TI_decompress_lzss</name>
         <load_address>0xc9e0</load_address>
         <run_address>0xc9e0</run_address>
         <size>0xee</size>
         <input_file_ref idref="fl-51"/>
      </object_component>
      <object_component id="oc-387">
         <name>.text:__TI_printfi_minimal</name>
         <load_address>0xcace</load_address>
         <run_address>0xcace</run_address>
         <size>0xe4</size>
         <input_file_ref idref="fl-5b"/>
      </object_component>
      <object_component id="oc-439">
         <name>.text:fputs</name>
         <load_address>0xcbb2</load_address>
         <run_address>0xcbb2</run_address>
         <size>0xde</size>
         <input_file_ref idref="fl-5e"/>
      </object_component>
      <object_component id="oc-3bd">
         <name>.text:Init_LCD</name>
         <load_address>0xcc90</load_address>
         <run_address>0xcc90</run_address>
         <size>0xd2</size>
         <input_file_ref idref="fl-c"/>
      </object_component>
      <object_component id="oc-3ae">
         <name>.text:Init_GPIO</name>
         <load_address>0xcd62</load_address>
         <run_address>0xcd62</run_address>
         <size>0xcc</size>
         <input_file_ref idref="fl-10"/>
      </object_component>
      <object_component id="oc-5d3">
         <name>.text:setvbuf</name>
         <load_address>0xce2e</load_address>
         <run_address>0xce2e</run_address>
         <size>0xcc</size>
         <input_file_ref idref="fl-68"/>
      </object_component>
      <object_component id="oc-555">
         <name>.text:_pproc_diouxp</name>
         <load_address>0xcefa</load_address>
         <run_address>0xcefa</run_address>
         <size>0xc4</size>
         <input_file_ref idref="fl-5b"/>
      </object_component>
      <object_component id="oc-61b">
         <name>.text:malloc</name>
         <load_address>0xcfbe</load_address>
         <run_address>0xcfbe</run_address>
         <size>0xae</size>
         <input_file_ref idref="fl-72"/>
      </object_component>
      <object_component id="oc-4d1">
         <name>.text:LCD_E_setPinAsCOM</name>
         <load_address>0xd06c</load_address>
         <run_address>0xd06c</run_address>
         <size>0x9e</size>
         <input_file_ref idref="fl-e"/>
      </object_component>
      <object_component id="oc-440">
         <name>.text:fputc</name>
         <load_address>0xd10a</load_address>
         <run_address>0xd10a</run_address>
         <size>0x8c</size>
         <input_file_ref idref="fl-5d"/>
      </object_component>
      <object_component id="oc-680">
         <name>.text:HOSTlseek</name>
         <load_address>0xd196</load_address>
         <run_address>0xd196</run_address>
         <size>0x82</size>
         <input_file_ref idref="fl-6a"/>
      </object_component>
      <object_component id="oc-3b7">
         <name>.text:Init_ADC</name>
         <load_address>0xd218</load_address>
         <run_address>0xd218</run_address>
         <size>0x80</size>
         <input_file_ref idref="fl-10"/>
      </object_component>
      <object_component id="oc-49e">
         <name>.text:LCD_E_setPinAsLCDFunctionEx</name>
         <load_address>0xd298</load_address>
         <run_address>0xd298</run_address>
         <size>0x80</size>
         <input_file_ref idref="fl-e"/>
      </object_component>
      <object_component id="oc-615">
         <name>.text:free</name>
         <load_address>0xd318</load_address>
         <run_address>0xd318</run_address>
         <size>0x80</size>
         <input_file_ref idref="fl-72"/>
      </object_component>
      <object_component id="oc-530">
         <name>.text:__TI_wrt_ok</name>
         <load_address>0xd398</load_address>
         <run_address>0xd398</run_address>
         <size>0x7a</size>
         <input_file_ref idref="fl-64"/>
      </object_component>
      <object_component id="oc-4f4">
         <name>.text:showChar</name>
         <load_address>0xd412</load_address>
         <run_address>0xd412</run_address>
         <size>0x7a</size>
         <input_file_ref idref="fl-c"/>
      </object_component>
      <object_component id="oc-68c">
         <name>.text:HOSTrename</name>
         <load_address>0xd48c</load_address>
         <run_address>0xd48c</run_address>
         <size>0x6a</size>
         <input_file_ref idref="fl-6d"/>
      </object_component>
      <object_component id="oc-40c">
         <name>.text:__TI_auto_init_nobinit_nopinit_hold_wdt:__TI_auto_init_nobinit_nopinit_hold_wdt</name>
         <load_address>0xd4f6</load_address>
         <run_address>0xd4f6</run_address>
         <size>0x6a</size>
         <input_file_ref idref="fl-4a"/>
      </object_component>
      <object_component id="oc-5cd">
         <name>.text:fseek</name>
         <load_address>0xd560</load_address>
         <run_address>0xd560</run_address>
         <size>0x6a</size>
         <input_file_ref idref="fl-66"/>
      </object_component>
      <object_component id="oc-65c">
         <name>.text:__TI_closefile</name>
         <load_address>0xd5ca</load_address>
         <run_address>0xd5ca</run_address>
         <size>0x68</size>
         <input_file_ref idref="fl-76"/>
      </object_component>
      <object_component id="oc-668">
         <name>.text:HOSTopen</name>
         <load_address>0xd632</load_address>
         <run_address>0xd632</run_address>
         <size>0x64</size>
         <input_file_ref idref="fl-6b"/>
      </object_component>
      <object_component id="oc-53c">
         <name>.text:__TI_doflush</name>
         <load_address>0xd696</load_address>
         <run_address>0xd696</run_address>
         <size>0x62</size>
         <input_file_ref idref="fl-65"/>
      </object_component>
      <object_component id="oc-67a">
         <name>.text:HOSTwrite</name>
         <load_address>0xd6f8</load_address>
         <run_address>0xd6f8</run_address>
         <size>0x60</size>
         <input_file_ref idref="fl-6f"/>
      </object_component>
      <object_component id="oc-674">
         <name>.text:HOSTread</name>
         <load_address>0xd758</load_address>
         <run_address>0xd758</run_address>
         <size>0x5e</size>
         <input_file_ref idref="fl-6c"/>
      </object_component>
      <object_component id="oc-6d5">
         <name>.text:getdevice</name>
         <load_address>0xd7b6</load_address>
         <run_address>0xd7b6</run_address>
         <size>0x54</size>
         <input_file_ref idref="fl-77"/>
      </object_component>
      <object_component id="oc-3d5">
         <name>.text:showHex</name>
         <load_address>0xd80a</load_address>
         <run_address>0xd80a</run_address>
         <size>0x52</size>
         <input_file_ref idref="fl-c"/>
      </object_component>
      <object_component id="oc-69b">
         <name>.text:close</name>
         <load_address>0xd85c</load_address>
         <run_address>0xd85c</run_address>
         <size>0x4a</size>
         <input_file_ref idref="fl-7d"/>
      </object_component>
      <object_component id="oc-3ee">
         <name>.text:exit</name>
         <load_address>0xd8a6</load_address>
         <run_address>0xd8a6</run_address>
         <size>0x48</size>
         <input_file_ref idref="fl-52"/>
      </object_component>
      <object_component id="oc-66e">
         <name>.text:HOSTclose</name>
         <load_address>0xd8ee</load_address>
         <run_address>0xd8ee</run_address>
         <size>0x46</size>
         <input_file_ref idref="fl-69"/>
      </object_component>
      <object_component id="oc-686">
         <name>.text:HOSTunlink</name>
         <load_address>0xd934</load_address>
         <run_address>0xd934</run_address>
         <size>0x42</size>
         <input_file_ref idref="fl-6e"/>
      </object_component>
      <object_component id="oc-28d">
         <name>.text:__memcpy_far</name>
         <load_address>0xd976</load_address>
         <run_address>0xd976</run_address>
         <size>0x40</size>
         <input_file_ref idref="fl-58"/>
      </object_component>
      <object_component id="oc-30a">
         <name>.text:printf</name>
         <load_address>0xd9b6</load_address>
         <run_address>0xd9b6</run_address>
         <size>0x40</size>
         <input_file_ref idref="fl-56"/>
      </object_component>
      <object_component id="oc-2aa">
         <name>.text:decompress:ZI:__TI_zero_init_nomemset:__TI_zero_init_nomemset</name>
         <load_address>0xd9f6</load_address>
         <run_address>0xd9f6</run_address>
         <size>0x3e</size>
         <input_file_ref idref="fl-4b"/>
      </object_component>
      <object_component id="oc-6c2">
         <name>.text:l_lsl_const</name>
         <load_address>0xda34</load_address>
         <run_address>0xda34</run_address>
         <size>0x3e</size>
         <input_file_ref idref="fl-71"/>
      </object_component>
      <object_component id="oc-6a">
         <name>.text:decompress:none:__TI_decompress_none</name>
         <load_address>0xda72</load_address>
         <run_address>0xda72</run_address>
         <size>0x3c</size>
         <input_file_ref idref="fl-50"/>
      </object_component>
      <object_component id="oc-655">
         <name>.text:minit</name>
         <load_address>0xdaae</load_address>
         <run_address>0xdaae</run_address>
         <size>0x38</size>
         <input_file_ref idref="fl-72"/>
      </object_component>
      <object_component id="oc-485">
         <name>.text:ADC_init</name>
         <load_address>0xdae6</load_address>
         <run_address>0xdae6</run_address>
         <size>0x34</size>
         <input_file_ref idref="fl-2"/>
      </object_component>
      <object_component id="oc-47f">
         <name>.text:GPIO_setAsPeripheralModuleFunctionInputPin</name>
         <load_address>0xdb1a</load_address>
         <run_address>0xdb1a</run_address>
         <size>0x34</size>
         <input_file_ref idref="fl-b"/>
      </object_component>
      <object_component id="oc-621">
         <name>.text:__TI_cleanup</name>
         <load_address>0xdb4e</load_address>
         <run_address>0xdb4e</run_address>
         <size>0x32</size>
         <input_file_ref idref="fl-73"/>
      </object_component>
      <object_component id="oc-2a4">
         <name>.text:_isr:EUSCIA0_ISR</name>
         <load_address>0xdb80</load_address>
         <run_address>0xdb80</run_address>
         <size>0x32</size>
         <input_file_ref idref="fl-10"/>
      </object_component>
      <object_component id="oc-3c9">
         <name>.text:ADC_configureMemory</name>
         <load_address>0xdbb2</load_address>
         <run_address>0xdbb2</run_address>
         <size>0x30</size>
         <input_file_ref idref="fl-2"/>
      </object_component>
      <object_component id="oc-3e1">
         <name>.text:Timer_A_initCompareMode</name>
         <load_address>0xdbe2</load_address>
         <run_address>0xdbe2</run_address>
         <size>0x2e</size>
         <input_file_ref idref="fl-17"/>
      </object_component>
      <object_component id="oc-6af">
         <name>.text:__TI_writemsg</name>
         <load_address>0xdc10</load_address>
         <run_address>0xdc10</run_address>
         <size>0x2e</size>
         <input_file_ref idref="fl-70"/>
      </object_component>
      <object_component id="oc-704">
         <name>.text:finddevice</name>
         <load_address>0xdc3e</load_address>
         <run_address>0xdc3e</run_address>
         <size>0x2e</size>
         <input_file_ref idref="fl-77"/>
      </object_component>
      <object_component id="oc-6b5">
         <name>.text:__TI_readmsg</name>
         <load_address>0xdc6c</load_address>
         <run_address>0xdc6c</run_address>
         <size>0x2c</size>
         <input_file_ref idref="fl-70"/>
      </object_component>
      <object_component id="oc-59d">
         <name>.text</name>
         <load_address>0xdc98</load_address>
         <run_address>0xdc98</run_address>
         <size>0x2c</size>
         <input_file_ref idref="fl-35"/>
      </object_component>
      <object_component id="oc-6fe">
         <name>.text:strncpy</name>
         <load_address>0xdcc4</load_address>
         <run_address>0xdcc4</run_address>
         <size>0x2c</size>
         <input_file_ref idref="fl-7b"/>
      </object_component>
      <object_component id="oc-6a2">
         <name>.text:unlink</name>
         <load_address>0xdcf0</load_address>
         <run_address>0xdcf0</run_address>
         <size>0x2a</size>
         <input_file_ref idref="fl-7c"/>
      </object_component>
      <object_component id="oc-4ad">
         <name>.text:LCD_E_init</name>
         <load_address>0xdd1a</load_address>
         <run_address>0xdd1a</run_address>
         <size>0x28</size>
         <input_file_ref idref="fl-e"/>
      </object_component>
      <object_component id="oc-60d">
         <name>.text:lseek</name>
         <load_address>0xdd42</load_address>
         <run_address>0xdd42</run_address>
         <size>0x26</size>
         <input_file_ref idref="fl-67"/>
      </object_component>
      <object_component id="oc-542">
         <name>.text:write</name>
         <load_address>0xdd68</load_address>
         <run_address>0xdd68</run_address>
         <size>0x24</size>
         <input_file_ref idref="fl-62"/>
      </object_component>
      <object_component id="oc-476">
         <name>.text:GPIO_setAsInputPinWithPullUpResistor</name>
         <load_address>0xdd8c</load_address>
         <run_address>0xdd8c</run_address>
         <size>0x22</size>
         <input_file_ref idref="fl-b"/>
      </object_component>
      <object_component id="oc-582">
         <name>.text:setLCDFunction</name>
         <load_address>0xddae</load_address>
         <run_address>0xddae</run_address>
         <size>0x20</size>
         <input_file_ref idref="fl-e"/>
      </object_component>
      <object_component id="oc-2bc">
         <name>.text:_isr:_c_int00_noargs</name>
         <load_address>0xddce</load_address>
         <run_address>0xddce</run_address>
         <size>0x1c</size>
         <input_file_ref idref="fl-49"/>
      </object_component>
      <object_component id="oc-3cf">
         <name>.text:GPIO_getInputPinValue</name>
         <load_address>0xddea</load_address>
         <run_address>0xddea</run_address>
         <size>0x1a</size>
         <input_file_ref idref="fl-b"/>
      </object_component>
      <object_component id="oc-470">
         <name>.text:GPIO_setAsOutputPin</name>
         <load_address>0xde04</load_address>
         <run_address>0xde04</run_address>
         <size>0x1a</size>
         <input_file_ref idref="fl-b"/>
      </object_component>
      <object_component id="oc-55b">
         <name>.text:memccpy</name>
         <load_address>0xde1e</load_address>
         <run_address>0xde1e</run_address>
         <size>0x1a</size>
         <input_file_ref idref="fl-5f"/>
      </object_component>
      <object_component id="oc-6f8">
         <name>.text:strchr</name>
         <load_address>0xde38</load_address>
         <run_address>0xde38</run_address>
         <size>0x1a</size>
         <input_file_ref idref="fl-79"/>
      </object_component>
      <object_component id="oc-71d">
         <name>.text:strcmp</name>
         <load_address>0xde52</load_address>
         <run_address>0xde52</run_address>
         <size>0x18</size>
         <input_file_ref idref="fl-7a"/>
      </object_component>
      <object_component id="oc-3db">
         <name>.text:ADC_startConversion</name>
         <load_address>0xde6a</load_address>
         <run_address>0xde6a</run_address>
         <size>0x16</size>
         <input_file_ref idref="fl-2"/>
      </object_component>
      <object_component id="oc-46a">
         <name>.text:GPIO_setOutputLowOnPin</name>
         <load_address>0xde80</load_address>
         <run_address>0xde80</run_address>
         <size>0x16</size>
         <input_file_ref idref="fl-b"/>
      </object_component>
      <object_component id="oc-3a8">
         <name>.text:WDT_A_hold</name>
         <load_address>0xde96</load_address>
         <run_address>0xde96</run_address>
         <size>0x16</size>
         <input_file_ref idref="fl-1a"/>
      </object_component>
      <object_component id="oc-5ec">
         <name>.text</name>
         <load_address>0xdeac</load_address>
         <run_address>0xdeac</run_address>
         <size>0x16</size>
         <input_file_ref idref="fl-36"/>
      </object_component>
      <object_component id="oc-491">
         <name>.text:ADC_setupSamplingTimer</name>
         <load_address>0xdec2</load_address>
         <run_address>0xdec2</run_address>
         <size>0x14</size>
         <input_file_ref idref="fl-2"/>
      </object_component>
      <object_component id="oc-329">
         <name>.text:EUSCI_A_UART_receiveData</name>
         <load_address>0xded6</load_address>
         <run_address>0xded6</run_address>
         <size>0x14</size>
         <input_file_ref idref="fl-7"/>
      </object_component>
      <object_component id="oc-32f">
         <name>.text:EUSCI_A_UART_transmitData</name>
         <load_address>0xdeea</load_address>
         <run_address>0xdeea</run_address>
         <size>0x14</size>
         <input_file_ref idref="fl-7"/>
      </object_component>
      <object_component id="oc-536">
         <name>.text:memchr</name>
         <load_address>0xdefe</load_address>
         <run_address>0xdefe</run_address>
         <size>0x14</size>
         <input_file_ref idref="fl-60"/>
      </object_component>
      <object_component id="oc-54e">
         <name>.text:memset</name>
         <load_address>0xdf12</load_address>
         <run_address>0xdf12</run_address>
         <size>0x14</size>
         <input_file_ref idref="fl-61"/>
      </object_component>
      <object_component id="oc-5c1">
         <name>.text</name>
         <load_address>0xdf26</load_address>
         <run_address>0xdf26</run_address>
         <size>0x14</size>
         <input_file_ref idref="fl-59"/>
      </object_component>
      <object_component id="oc-4b3">
         <name>.text:LCD_E_setVLCDSource</name>
         <load_address>0xdf3a</load_address>
         <run_address>0xdf3a</run_address>
         <size>0x12</size>
         <input_file_ref idref="fl-e"/>
      </object_component>
      <object_component id="oc-4a7">
         <name>.text:memcpy</name>
         <load_address>0xdf4c</load_address>
         <run_address>0xdf4c</run_address>
         <size>0x12</size>
         <input_file_ref idref="fl-55"/>
      </object_component>
      <object_component id="oc-6cb">
         <name>.text:strcpy</name>
         <load_address>0xdf5e</load_address>
         <run_address>0xdf5e</run_address>
         <size>0x10</size>
         <input_file_ref idref="fl-75"/>
      </object_component>
      <object_component id="oc-447">
         <name>.text:strlen</name>
         <load_address>0xdf6e</load_address>
         <run_address>0xdf6e</run_address>
         <size>0xe</size>
         <input_file_ref idref="fl-57"/>
      </object_component>
      <object_component id="oc-4dd">
         <name>.text:LCD_E_on</name>
         <load_address>0xdf7c</load_address>
         <run_address>0xdf7c</run_address>
         <size>0xc</size>
         <input_file_ref idref="fl-e"/>
      </object_component>
      <object_component id="oc-4c5">
         <name>.text:LCD_E_setChargePumpFreq</name>
         <load_address>0xdf88</load_address>
         <run_address>0xdf88</run_address>
         <size>0xc</size>
         <input_file_ref idref="fl-e"/>
      </object_component>
      <object_component id="oc-4b9">
         <name>.text:LCD_E_setVLCDVoltage</name>
         <load_address>0xdf94</load_address>
         <run_address>0xdf94</run_address>
         <size>0xc</size>
         <input_file_ref idref="fl-e"/>
      </object_component>
      <object_component id="oc-4d7">
         <name>.text:LCD_E_selectDisplayMemory</name>
         <load_address>0xdfa0</load_address>
         <run_address>0xdfa0</run_address>
         <size>0xa</size>
         <input_file_ref idref="fl-e"/>
      </object_component>
      <object_component id="oc-4ea">
         <name>.text</name>
         <load_address>0xdfaa</load_address>
         <run_address>0xdfaa</run_address>
         <size>0xa</size>
         <input_file_ref idref="fl-46"/>
      </object_component>
      <object_component id="oc-57d">
         <name>.text</name>
         <load_address>0xdfb4</load_address>
         <run_address>0xdfb4</run_address>
         <size>0xa</size>
         <input_file_ref idref="fl-47"/>
      </object_component>
      <object_component id="oc-48b">
         <name>.text:ADC_enable</name>
         <load_address>0xdfbe</load_address>
         <run_address>0xdfbe</run_address>
         <size>0x8</size>
         <input_file_ref idref="fl-2"/>
      </object_component>
      <object_component id="oc-2f4">
         <name>.text:ADC_getInterruptStatus</name>
         <load_address>0xdfc6</load_address>
         <run_address>0xdfc6</run_address>
         <size>0x8</size>
         <input_file_ref idref="fl-2"/>
      </object_component>
      <object_component id="oc-31d">
         <name>.text:EUSCI_A_UART_getInterruptStatus</name>
         <load_address>0xdfce</load_address>
         <run_address>0xdfce</run_address>
         <size>0x8</size>
         <input_file_ref idref="fl-7"/>
      </object_component>
      <object_component id="oc-4bf">
         <name>.text:LCD_E_enableChargePump</name>
         <load_address>0xdfd6</load_address>
         <run_address>0xdfd6</run_address>
         <size>0x8</size>
         <input_file_ref idref="fl-e"/>
      </object_component>
      <object_component id="oc-299">
         <name>.text:_isr:__TI_ISR_TRAP</name>
         <load_address>0xdfde</load_address>
         <run_address>0xdfde</run_address>
         <size>0x8</size>
         <input_file_ref idref="fl-45"/>
      </object_component>
      <object_component id="oc-2fa">
         <name>.text:ADC_clearInterrupt</name>
         <load_address>0xdfe6</load_address>
         <run_address>0xdfe6</run_address>
         <size>0x6</size>
         <input_file_ref idref="fl-2"/>
      </object_component>
      <object_component id="oc-497">
         <name>.text:ADC_enableInterrupt</name>
         <load_address>0xdfec</load_address>
         <run_address>0xdfec</run_address>
         <size>0x6</size>
         <input_file_ref idref="fl-2"/>
      </object_component>
      <object_component id="oc-303">
         <name>.text:ADC_getResults</name>
         <load_address>0xdff2</load_address>
         <run_address>0xdff2</run_address>
         <size>0x6</size>
         <input_file_ref idref="fl-2"/>
      </object_component>
      <object_component id="oc-323">
         <name>.text:EUSCI_A_UART_clearInterrupt</name>
         <load_address>0xdff8</load_address>
         <run_address>0xdff8</run_address>
         <size>0x6</size>
         <input_file_ref idref="fl-7"/>
      </object_component>
      <object_component id="oc-4cb">
         <name>.text:LCD_E_clearAllMemory</name>
         <load_address>0xdffe</load_address>
         <run_address>0xdffe</run_address>
         <size>0x6</size>
         <input_file_ref idref="fl-e"/>
      </object_component>
      <object_component id="oc-3c3">
         <name>.text:PMM_unlockLPM5</name>
         <load_address>0xe004</load_address>
         <run_address>0xe004</run_address>
         <size>0x6</size>
         <input_file_ref idref="fl-11"/>
      </object_component>
      <object_component id="oc-381">
         <name>.text:_outc</name>
         <load_address>0xe00a</load_address>
         <run_address>0xe00a</run_address>
         <size>0x6</size>
         <input_file_ref idref="fl-56"/>
      </object_component>
      <object_component id="oc-3e8">
         <name>.text:abort</name>
         <load_address>0xe010</load_address>
         <run_address>0xe010</run_address>
         <size>0x6</size>
         <input_file_ref idref="fl-52"/>
      </object_component>
      <object_component id="oc-37b">
         <name>.text:_outs</name>
         <load_address>0xe016</load_address>
         <run_address>0xe016</run_address>
         <size>0x4</size>
         <input_file_ref idref="fl-56"/>
      </object_component>
      <object_component id="oc-33d">
         <name>.text:_system_pre_init</name>
         <load_address>0xe01a</load_address>
         <run_address>0xe01a</run_address>
         <size>0x4</size>
         <input_file_ref idref="fl-4e"/>
      </object_component>
      <object_component id="oc-42c">
         <name>.text:_nop</name>
         <load_address>0xe01e</load_address>
         <run_address>0xe01e</run_address>
         <size>0x2</size>
         <input_file_ref idref="fl-53"/>
      </object_component>
      <object_component id="oc-50a">
         <name>.text:_system_post_cinit</name>
         <load_address>0xe020</load_address>
         <run_address>0xe020</run_address>
         <size>0x2</size>
         <input_file_ref idref="fl-4f"/>
      </object_component>
      <object_component id="oc-64e">
         <name>.bss</name>
         <uninitialized>true</uninitialized>
         <run_address>0x2300</run_address>
         <size>0x6</size>
         <input_file_ref idref="fl-72"/>
      </object_component>
      <object_component id="oc-6a1">
         <name>.common:__TI_tmpnams</name>
         <uninitialized>true</uninitialized>
         <run_address>0x2258</run_address>
         <size>0xa0</size>
      </object_component>
      <object_component id="oc-6ac">
         <name>.common:parmbuf</name>
         <uninitialized>true</uninitialized>
         <run_address>0x22f8</run_address>
         <size>0x8</size>
      </object_component>
      <object_component id="oc-300">
         <name>.data</name>
         <load_address>0x2118</load_address>
         <run_address>0x2118</run_address>
         <size>0xa</size>
         <input_file_ref idref="fl-10"/>
      </object_component>
      <object_component id="oc-4ff">
         <name>.data</name>
         <load_address>0x2134</load_address>
         <run_address>0x2134</run_address>
         <size>0x2</size>
         <input_file_ref idref="fl-52"/>
      </object_component>
      <object_component id="oc-375">
         <name>.data:_lock</name>
         <load_address>0x212a</load_address>
         <run_address>0x212a</run_address>
         <size>0x4</size>
         <input_file_ref idref="fl-53"/>
      </object_component>
      <object_component id="oc-38d">
         <name>.data:_unlock</name>
         <load_address>0x212e</load_address>
         <run_address>0x212e</run_address>
         <size>0x4</size>
         <input_file_ref idref="fl-53"/>
      </object_component>
      <object_component id="oc-505">
         <name>.data:__TI_cleanup_ptr</name>
         <load_address>0x2122</load_address>
         <run_address>0x2122</run_address>
         <size>0x4</size>
         <input_file_ref idref="fl-5a"/>
      </object_component>
      <object_component id="oc-502">
         <name>.data:__TI_dtors_ptr</name>
         <load_address>0x2126</load_address>
         <run_address>0x2126</run_address>
         <size>0x4</size>
         <input_file_ref idref="fl-5a"/>
      </object_component>
      <object_component id="oc-378">
         <name>.data:_ftable</name>
         <load_address>0x2078</load_address>
         <run_address>0x2078</run_address>
         <size>0x78</size>
         <input_file_ref idref="fl-5c"/>
      </object_component>
      <object_component id="oc-662">
         <name>.data</name>
         <load_address>0x2132</load_address>
         <run_address>0x2132</run_address>
         <size>0x2</size>
         <input_file_ref idref="fl-5c"/>
      </object_component>
      <object_component id="oc-634">
         <name>.data:_device</name>
         <load_address>0x2000</load_address>
         <run_address>0x2000</run_address>
         <size>0x78</size>
         <input_file_ref idref="fl-62"/>
      </object_component>
      <object_component id="oc-5df">
         <name>.data:_stream</name>
         <load_address>0x20f0</load_address>
         <run_address>0x20f0</run_address>
         <size>0x28</size>
         <input_file_ref idref="fl-62"/>
      </object_component>
      <object_component id="oc-652">
         <name>.data</name>
         <load_address>0x2136</load_address>
         <run_address>0x2136</run_address>
         <size>0x2</size>
         <input_file_ref idref="fl-72"/>
      </object_component>
      <object_component id="oc-6e1">
         <name>.cio</name>
         <uninitialized>true</uninitialized>
         <run_address>0x2138</run_address>
         <size>0x120</size>
         <input_file_ref idref="fl-70"/>
      </object_component>
      <object_component id="oc-27f">
         <name>.sysmem</name>
         <uninitialized>true</uninitialized>
         <run_address>0x2308</run_address>
         <size>0x4</size>
         <input_file_ref idref="fl-72"/>
      </object_component>
      <object_component id="oc-79b">
         <name>.sysmem</name>
         <uninitialized>true</uninitialized>
         <run_address>0x2308</run_address>
         <size>0x0</size>
      </object_component>
      <object_component id="oc-27b">
         <name>.stack</name>
         <uninitialized>true</uninitialized>
         <run_address>0x2760</run_address>
         <size>0x2</size>
         <input_file_ref idref="fl-49"/>
      </object_component>
      <object_component id="oc-79a">
         <name>.stack</name>
         <uninitialized>true</uninitialized>
         <run_address>0x2760</run_address>
         <size>0x0</size>
      </object_component>
      <object_component id="oc-70">
         <name>.int45</name>
         <load_address>0xffe2</load_address>
         <run_address>0xffe2</run_address>
         <size>0x2</size>
         <input_file_ref idref="fl-39"/>
      </object_component>
      <object_component id="oc-71">
         <name>.int46</name>
         <load_address>0xffe4</load_address>
         <run_address>0xffe4</run_address>
         <size>0x2</size>
         <input_file_ref idref="fl-3a"/>
      </object_component>
      <object_component id="oc-72">
         <name>.int47</name>
         <load_address>0xffe6</load_address>
         <run_address>0xffe6</run_address>
         <size>0x2</size>
         <input_file_ref idref="fl-3b"/>
      </object_component>
      <object_component id="oc-73">
         <name>.int48</name>
         <load_address>0xffe8</load_address>
         <run_address>0xffe8</run_address>
         <size>0x2</size>
         <input_file_ref idref="fl-10"/>
      </object_component>
      <object_component id="oc-74">
         <name>.int49</name>
         <load_address>0xffea</load_address>
         <run_address>0xffea</run_address>
         <size>0x2</size>
         <input_file_ref idref="fl-3c"/>
      </object_component>
      <object_component id="oc-75">
         <name>.int50</name>
         <load_address>0xffec</load_address>
         <run_address>0xffec</run_address>
         <size>0x2</size>
         <input_file_ref idref="fl-10"/>
      </object_component>
      <object_component id="oc-76">
         <name>.int51</name>
         <load_address>0xffee</load_address>
         <run_address>0xffee</run_address>
         <size>0x2</size>
         <input_file_ref idref="fl-3d"/>
      </object_component>
      <object_component id="oc-77">
         <name>.int52</name>
         <load_address>0xfff0</load_address>
         <run_address>0xfff0</run_address>
         <size>0x2</size>
         <input_file_ref idref="fl-3e"/>
      </object_component>
      <object_component id="oc-78">
         <name>.int53</name>
         <load_address>0xfff2</load_address>
         <run_address>0xfff2</run_address>
         <size>0x2</size>
         <input_file_ref idref="fl-3f"/>
      </object_component>
      <object_component id="oc-79">
         <name>.int54</name>
         <load_address>0xfff4</load_address>
         <run_address>0xfff4</run_address>
         <size>0x2</size>
         <input_file_ref idref="fl-40"/>
      </object_component>
      <object_component id="oc-7a">
         <name>.int55</name>
         <load_address>0xfff6</load_address>
         <run_address>0xfff6</run_address>
         <size>0x2</size>
         <input_file_ref idref="fl-41"/>
      </object_component>
      <object_component id="oc-7b">
         <name>.int56</name>
         <load_address>0xfff8</load_address>
         <run_address>0xfff8</run_address>
         <size>0x2</size>
         <input_file_ref idref="fl-42"/>
      </object_component>
      <object_component id="oc-7c">
         <name>.int57</name>
         <load_address>0xfffa</load_address>
         <run_address>0xfffa</run_address>
         <size>0x2</size>
         <input_file_ref idref="fl-43"/>
      </object_component>
      <object_component id="oc-7d">
         <name>.int58</name>
         <load_address>0xfffc</load_address>
         <run_address>0xfffc</run_address>
         <size>0x2</size>
         <input_file_ref idref="fl-44"/>
      </object_component>
      <object_component id="oc-27e">
         <name>.reset</name>
         <load_address>0xfffe</load_address>
         <run_address>0xfffe</run_address>
         <size>0x2</size>
         <input_file_ref idref="fl-49"/>
      </object_component>
      <object_component id="oc-468">
         <name>.debug_info</name>
         <load_address>0x0</load_address>
         <run_address>0x0</run_address>
         <size>0x11d</size>
         <input_file_ref idref="fl-2"/>
      </object_component>
      <object_component id="oc-3dc">
         <name>.debug_info</name>
         <load_address>0x11d</load_address>
         <run_address>0x11d</run_address>
         <size>0x1b0</size>
         <input_file_ref idref="fl-2"/>
      </object_component>
      <object_component id="oc-492">
         <name>.debug_info</name>
         <load_address>0x2cd</load_address>
         <run_address>0x2cd</run_address>
         <size>0x1cd</size>
         <input_file_ref idref="fl-2"/>
      </object_component>
      <object_component id="oc-486">
         <name>.debug_info</name>
         <load_address>0x49a</load_address>
         <run_address>0x49a</run_address>
         <size>0x24a</size>
         <input_file_ref idref="fl-2"/>
      </object_component>
      <object_component id="oc-304">
         <name>.debug_info</name>
         <load_address>0x6e4</load_address>
         <run_address>0x6e4</run_address>
         <size>0x128</size>
         <input_file_ref idref="fl-2"/>
      </object_component>
      <object_component id="oc-2f5">
         <name>.debug_info</name>
         <load_address>0x80c</load_address>
         <run_address>0x80c</run_address>
         <size>0x18e</size>
         <input_file_ref idref="fl-2"/>
      </object_component>
      <object_component id="oc-498">
         <name>.debug_info</name>
         <load_address>0x99a</load_address>
         <run_address>0x99a</run_address>
         <size>0x174</size>
         <input_file_ref idref="fl-2"/>
      </object_component>
      <object_component id="oc-48c">
         <name>.debug_info</name>
         <load_address>0xb0e</load_address>
         <run_address>0xb0e</run_address>
         <size>0x11c</size>
         <input_file_ref idref="fl-2"/>
      </object_component>
      <object_component id="oc-3ca">
         <name>.debug_info</name>
         <load_address>0xc2a</load_address>
         <run_address>0xc2a</run_address>
         <size>0x2ac</size>
         <input_file_ref idref="fl-2"/>
      </object_component>
      <object_component id="oc-2fb">
         <name>.debug_info</name>
         <load_address>0xed6</load_address>
         <run_address>0xed6</run_address>
         <size>0x182</size>
         <input_file_ref idref="fl-2"/>
      </object_component>
      <object_component id="oc-399">
         <name>.debug_info</name>
         <load_address>0x1058</load_address>
         <run_address>0x1058</run_address>
         <size>0x26b</size>
         <input_file_ref idref="fl-2"/>
      </object_component>
      <object_component id="oc-318">
         <name>.debug_info</name>
         <load_address>0x12c3</load_address>
         <run_address>0x12c3</run_address>
         <size>0x8b</size>
         <input_file_ref idref="fl-2"/>
      </object_component>
      <object_component id="oc-39e">
         <name>.debug_info</name>
         <load_address>0x134e</load_address>
         <run_address>0x134e</run_address>
         <size>0x275</size>
         <input_file_ref idref="fl-2"/>
      </object_component>
      <object_component id="oc-313">
         <name>.debug_info</name>
         <load_address>0x15c3</load_address>
         <run_address>0x15c3</run_address>
         <size>0xbb</size>
         <input_file_ref idref="fl-2"/>
      </object_component>
      <object_component id="oc-288">
         <name>.debug_info</name>
         <load_address>0x167e</load_address>
         <run_address>0x167e</run_address>
         <size>0x84</size>
         <input_file_ref idref="fl-3"/>
      </object_component>
      <object_component id="oc-333">
         <name>.debug_info</name>
         <load_address>0x1702</load_address>
         <run_address>0x1702</run_address>
         <size>0x197</size>
         <input_file_ref idref="fl-7"/>
      </object_component>
      <object_component id="oc-32d">
         <name>.debug_info</name>
         <load_address>0x1899</load_address>
         <run_address>0x1899</run_address>
         <size>0x157</size>
         <input_file_ref idref="fl-7"/>
      </object_component>
      <object_component id="oc-321">
         <name>.debug_info</name>
         <load_address>0x19f0</load_address>
         <run_address>0x19f0</run_address>
         <size>0x187</size>
         <input_file_ref idref="fl-7"/>
      </object_component>
      <object_component id="oc-327">
         <name>.debug_info</name>
         <load_address>0x1b77</load_address>
         <run_address>0x1b77</run_address>
         <size>0x17b</size>
         <input_file_ref idref="fl-7"/>
      </object_component>
      <object_component id="oc-59c">
         <name>.debug_info</name>
         <load_address>0x1cf2</load_address>
         <run_address>0x1cf2</run_address>
         <size>0x131</size>
         <input_file_ref idref="fl-b"/>
      </object_component>
      <object_component id="oc-4f1">
         <name>.debug_info</name>
         <load_address>0x1e23</load_address>
         <run_address>0x1e23</run_address>
         <size>0xc4</size>
         <input_file_ref idref="fl-b"/>
      </object_component>
      <object_component id="oc-46c">
         <name>.debug_info</name>
         <load_address>0x1ee7</load_address>
         <run_address>0x1ee7</run_address>
         <size>0x19f</size>
         <input_file_ref idref="fl-b"/>
      </object_component>
      <object_component id="oc-481">
         <name>.debug_info</name>
         <load_address>0x2086</load_address>
         <run_address>0x2086</run_address>
         <size>0x1e7</size>
         <input_file_ref idref="fl-b"/>
      </object_component>
      <object_component id="oc-473">
         <name>.debug_info</name>
         <load_address>0x226d</load_address>
         <run_address>0x226d</run_address>
         <size>0x196</size>
         <input_file_ref idref="fl-b"/>
      </object_component>
      <object_component id="oc-478">
         <name>.debug_info</name>
         <load_address>0x2403</load_address>
         <run_address>0x2403</run_address>
         <size>0x1bb</size>
         <input_file_ref idref="fl-b"/>
      </object_component>
      <object_component id="oc-3d1">
         <name>.debug_info</name>
         <load_address>0x25be</load_address>
         <run_address>0x25be</run_address>
         <size>0x1a1</size>
         <input_file_ref idref="fl-b"/>
      </object_component>
      <object_component id="oc-58b">
         <name>.debug_info</name>
         <load_address>0x275f</load_address>
         <run_address>0x275f</run_address>
         <size>0x479</size>
         <input_file_ref idref="fl-c"/>
      </object_component>
      <object_component id="oc-5a6">
         <name>.debug_info</name>
         <load_address>0x2bd8</load_address>
         <run_address>0x2bd8</run_address>
         <size>0xb0</size>
         <input_file_ref idref="fl-c"/>
      </object_component>
      <object_component id="oc-5a3">
         <name>.debug_info</name>
         <load_address>0x2c88</load_address>
         <run_address>0x2c88</run_address>
         <size>0xbc</size>
         <input_file_ref idref="fl-c"/>
      </object_component>
      <object_component id="oc-4a5">
         <name>.debug_info</name>
         <load_address>0x2d44</load_address>
         <run_address>0x2d44</run_address>
         <size>0xb3</size>
         <input_file_ref idref="fl-c"/>
      </object_component>
      <object_component id="oc-4f5">
         <name>.debug_info</name>
         <load_address>0x2df7</load_address>
         <run_address>0x2df7</run_address>
         <size>0x142</size>
         <input_file_ref idref="fl-c"/>
      </object_component>
      <object_component id="oc-3d6">
         <name>.debug_info</name>
         <load_address>0x2f39</load_address>
         <run_address>0x2f39</run_address>
         <size>0x13e</size>
         <input_file_ref idref="fl-c"/>
      </object_component>
      <object_component id="oc-3be">
         <name>.debug_info</name>
         <load_address>0x3077</load_address>
         <run_address>0x3077</run_address>
         <size>0x280</size>
         <input_file_ref idref="fl-c"/>
      </object_component>
      <object_component id="oc-4e4">
         <name>.debug_info</name>
         <load_address>0x32f7</load_address>
         <run_address>0x32f7</run_address>
         <size>0x9e</size>
         <input_file_ref idref="fl-c"/>
      </object_component>
      <object_component id="oc-394">
         <name>.debug_info</name>
         <load_address>0x3395</load_address>
         <run_address>0x3395</run_address>
         <size>0x392</size>
         <input_file_ref idref="fl-c"/>
      </object_component>
      <object_component id="oc-361">
         <name>.debug_info</name>
         <load_address>0x3727</load_address>
         <run_address>0x3727</run_address>
         <size>0x2c</size>
         <input_file_ref idref="fl-c"/>
      </object_component>
      <object_component id="oc-590">
         <name>.debug_info</name>
         <load_address>0x3753</load_address>
         <run_address>0x3753</run_address>
         <size>0x12a</size>
         <input_file_ref idref="fl-e"/>
      </object_component>
      <object_component id="oc-4ba">
         <name>.debug_info</name>
         <load_address>0x387d</load_address>
         <run_address>0x387d</run_address>
         <size>0x164</size>
         <input_file_ref idref="fl-e"/>
      </object_component>
      <object_component id="oc-4b4">
         <name>.debug_info</name>
         <load_address>0x39e1</load_address>
         <run_address>0x39e1</run_address>
         <size>0x16a</size>
         <input_file_ref idref="fl-e"/>
      </object_component>
      <object_component id="oc-583">
         <name>.debug_info</name>
         <load_address>0x3b4b</load_address>
         <run_address>0x3b4b</run_address>
         <size>0x175</size>
         <input_file_ref idref="fl-e"/>
      </object_component>
      <object_component id="oc-49f">
         <name>.debug_info</name>
         <load_address>0x3cc0</load_address>
         <run_address>0x3cc0</run_address>
         <size>0x2bd</size>
         <input_file_ref idref="fl-e"/>
      </object_component>
      <object_component id="oc-4d2">
         <name>.debug_info</name>
         <load_address>0x3f7d</load_address>
         <run_address>0x3f7d</run_address>
         <size>0x1b8</size>
         <input_file_ref idref="fl-e"/>
      </object_component>
      <object_component id="oc-4c6">
         <name>.debug_info</name>
         <load_address>0x4135</load_address>
         <run_address>0x4135</run_address>
         <size>0x15e</size>
         <input_file_ref idref="fl-e"/>
      </object_component>
      <object_component id="oc-4d8">
         <name>.debug_info</name>
         <load_address>0x4293</load_address>
         <run_address>0x4293</run_address>
         <size>0x186</size>
         <input_file_ref idref="fl-e"/>
      </object_component>
      <object_component id="oc-4de">
         <name>.debug_info</name>
         <load_address>0x4419</load_address>
         <run_address>0x4419</run_address>
         <size>0x11e</size>
         <input_file_ref idref="fl-e"/>
      </object_component>
      <object_component id="oc-4ae">
         <name>.debug_info</name>
         <load_address>0x4537</load_address>
         <run_address>0x4537</run_address>
         <size>0x15c</size>
         <input_file_ref idref="fl-e"/>
      </object_component>
      <object_component id="oc-4c0">
         <name>.debug_info</name>
         <load_address>0x4693</load_address>
         <run_address>0x4693</run_address>
         <size>0x13a</size>
         <input_file_ref idref="fl-e"/>
      </object_component>
      <object_component id="oc-4cc">
         <name>.debug_info</name>
         <load_address>0x47cd</load_address>
         <run_address>0x47cd</run_address>
         <size>0x136</size>
         <input_file_ref idref="fl-e"/>
      </object_component>
      <object_component id="oc-311">
         <name>.debug_info</name>
         <load_address>0x4903</load_address>
         <run_address>0x4903</run_address>
         <size>0x8ce</size>
         <input_file_ref idref="fl-10"/>
      </object_component>
      <object_component id="oc-301">
         <name>.debug_info</name>
         <load_address>0x51d1</load_address>
         <run_address>0x51d1</run_address>
         <size>0x126</size>
         <input_file_ref idref="fl-10"/>
      </object_component>
      <object_component id="oc-3b5">
         <name>.debug_info</name>
         <load_address>0x52f7</load_address>
         <run_address>0x52f7</run_address>
         <size>0xb2</size>
         <input_file_ref idref="fl-10"/>
      </object_component>
      <object_component id="oc-3af">
         <name>.debug_info</name>
         <load_address>0x53a9</load_address>
         <run_address>0x53a9</run_address>
         <size>0x30e</size>
         <input_file_ref idref="fl-10"/>
      </object_component>
      <object_component id="oc-3b8">
         <name>.debug_info</name>
         <load_address>0x56b7</load_address>
         <run_address>0x56b7</run_address>
         <size>0x21a</size>
         <input_file_ref idref="fl-10"/>
      </object_component>
      <object_component id="oc-344">
         <name>.debug_info</name>
         <load_address>0x58d1</load_address>
         <run_address>0x58d1</run_address>
         <size>0x291</size>
         <input_file_ref idref="fl-10"/>
      </object_component>
      <object_component id="oc-2a5">
         <name>.debug_info</name>
         <load_address>0x5b62</load_address>
         <run_address>0x5b62</run_address>
         <size>0x18d</size>
         <input_file_ref idref="fl-10"/>
      </object_component>
      <object_component id="oc-29f">
         <name>.debug_info</name>
         <load_address>0x5cef</load_address>
         <run_address>0x5cef</run_address>
         <size>0x1b4</size>
         <input_file_ref idref="fl-10"/>
      </object_component>
      <object_component id="oc-3c5">
         <name>.debug_info</name>
         <load_address>0x5ea3</load_address>
         <run_address>0x5ea3</run_address>
         <size>0xe6</size>
         <input_file_ref idref="fl-11"/>
      </object_component>
      <object_component id="oc-4fd">
         <name>.debug_info</name>
         <load_address>0x5f89</load_address>
         <run_address>0x5f89</run_address>
         <size>0x145</size>
         <input_file_ref idref="fl-17"/>
      </object_component>
      <object_component id="oc-3e5">
         <name>.debug_info</name>
         <load_address>0x60ce</load_address>
         <run_address>0x60ce</run_address>
         <size>0x168</size>
         <input_file_ref idref="fl-17"/>
      </object_component>
      <object_component id="oc-3a9">
         <name>.debug_info</name>
         <load_address>0x6236</load_address>
         <run_address>0x6236</run_address>
         <size>0x143</size>
         <input_file_ref idref="fl-1a"/>
      </object_component>
      <object_component id="oc-59e">
         <name>.debug_info</name>
         <load_address>0x6379</load_address>
         <run_address>0x6379</run_address>
         <size>0x138</size>
         <input_file_ref idref="fl-35"/>
      </object_component>
      <object_component id="oc-5ef">
         <name>.debug_info</name>
         <load_address>0x64b1</load_address>
         <run_address>0x64b1</run_address>
         <size>0x124</size>
         <input_file_ref idref="fl-36"/>
      </object_component>
      <object_component id="oc-29c">
         <name>.debug_info</name>
         <load_address>0x65d5</load_address>
         <run_address>0x65d5</run_address>
         <size>0x112</size>
         <input_file_ref idref="fl-45"/>
      </object_component>
      <object_component id="oc-4eb">
         <name>.debug_info</name>
         <load_address>0x66e7</load_address>
         <run_address>0x66e7</run_address>
         <size>0x123</size>
         <input_file_ref idref="fl-46"/>
      </object_component>
      <object_component id="oc-580">
         <name>.debug_info</name>
         <load_address>0x680a</load_address>
         <run_address>0x680a</run_address>
         <size>0x123</size>
         <input_file_ref idref="fl-47"/>
      </object_component>
      <object_component id="oc-27c">
         <name>.debug_info</name>
         <load_address>0x692d</load_address>
         <run_address>0x692d</run_address>
         <size>0x100</size>
         <input_file_ref idref="fl-49"/>
      </object_component>
      <object_component id="oc-2bd">
         <name>.debug_info</name>
         <load_address>0x6a2d</load_address>
         <run_address>0x6a2d</run_address>
         <size>0x17a</size>
         <input_file_ref idref="fl-49"/>
      </object_component>
      <object_component id="oc-511">
         <name>.debug_info</name>
         <load_address>0x6ba7</load_address>
         <run_address>0x6ba7</run_address>
         <size>0x4a8</size>
         <input_file_ref idref="fl-4a"/>
      </object_component>
      <object_component id="oc-40e">
         <name>.debug_info</name>
         <load_address>0x704f</load_address>
         <run_address>0x704f</run_address>
         <size>0x216</size>
         <input_file_ref idref="fl-4a"/>
      </object_component>
      <object_component id="oc-5b7">
         <name>.debug_info</name>
         <load_address>0x7265</load_address>
         <run_address>0x7265</run_address>
         <size>0x39</size>
         <input_file_ref idref="fl-4a"/>
      </object_component>
      <object_component id="oc-5c8">
         <name>.debug_info</name>
         <load_address>0x729e</load_address>
         <run_address>0x729e</run_address>
         <size>0x2c</size>
         <input_file_ref idref="fl-4a"/>
      </object_component>
      <object_component id="oc-51c">
         <name>.debug_info</name>
         <load_address>0x72ca</load_address>
         <run_address>0x72ca</run_address>
         <size>0x2c</size>
         <input_file_ref idref="fl-4a"/>
      </object_component>
      <object_component id="oc-5bc">
         <name>.debug_info</name>
         <load_address>0x72f6</load_address>
         <run_address>0x72f6</run_address>
         <size>0xcd</size>
         <input_file_ref idref="fl-4a"/>
      </object_component>
      <object_component id="oc-2ae">
         <name>.debug_info</name>
         <load_address>0x73c3</load_address>
         <run_address>0x73c3</run_address>
         <size>0x1d3</size>
         <input_file_ref idref="fl-4b"/>
      </object_component>
      <object_component id="oc-337">
         <name>.debug_info</name>
         <load_address>0x7596</load_address>
         <run_address>0x7596</run_address>
         <size>0x46</size>
         <input_file_ref idref="fl-4b"/>
      </object_component>
      <object_component id="oc-33f">
         <name>.debug_info</name>
         <load_address>0x75dc</load_address>
         <run_address>0x75dc</run_address>
         <size>0x153</size>
         <input_file_ref idref="fl-4e"/>
      </object_component>
      <object_component id="oc-50d">
         <name>.debug_info</name>
         <load_address>0x772f</load_address>
         <run_address>0x772f</run_address>
         <size>0x150</size>
         <input_file_ref idref="fl-4f"/>
      </object_component>
      <object_component id="oc-298">
         <name>.debug_info</name>
         <load_address>0x787f</load_address>
         <run_address>0x787f</run_address>
         <size>0x1da</size>
[...]
      </symbol>
      <symbol id="sm-36f">
         <name>digit</name>
         <value>0xc5c6</value>
         <object_component_ref idref="oc-5a5"/>
      </symbol>
      <symbol id="sm-3d0">
         <name>LCD_E_clearAllMemory</name>
         <value>0xdffe</value>
         <object_component_ref idref="oc-4cb"/>
      </symbol>
      <symbol id="sm-3d1">
         <name>LCD_E_on</name>
         <value>0xdf7c</value>
         <object_component_ref idref="oc-4dd"/>
      </symbol>
      <symbol id="sm-3d2">
         <name>LCD_E_setPinAsCOM</name>
         <value>0xd06c</value>
         <object_component_ref idref="oc-4d1"/>
      </symbol>
      <symbol id="sm-3d3">
         <name>LCD_E_setVLCDSource</name>
         <value>0xdf3a</value>
         <object_component_ref idref="oc-4b3"/>
      </symbol>
      <symbol id="sm-3d4">
         <name>LCD_E_selectDisplayMemory</name>
         <value>0xdfa0</value>
         <object_component_ref idref="oc-4d7"/>
      </symbol>
      <symbol id="sm-3d5">
         <name>LCD_E_setChargePumpFreq</name>
         <value>0xdf88</value>
         <object_component_ref idref="oc-4c5"/>
      </symbol>
      <symbol id="sm-3d6">
         <name>LCD_E_init</name>
         <value>0xdd1a</value>
         <object_component_ref idref="oc-4ad"/>
      </symbol>
      <symbol id="sm-3d7">
         <name>LCD_E_enableChargePump</name>
         <value>0xdfd6</value>
         <object_component_ref idref="oc-4bf"/>
      </symbol>
      <symbol id="sm-3d8">
         <name>LCD_E_setVLCDVoltage</name>
         <value>0xdf94</value>
         <object_component_ref idref="oc-4b9"/>
      </symbol>
      <symbol id="sm-3d9">
         <name>LCD_E_setPinAsLCDFunctionEx</name>
         <value>0xd298</value>
         <object_component_ref idref="oc-49e"/>
      </symbol>
      <symbol id="sm-43c">
         <name>ADC_ISR</name>
         <value>0xc772</value>
         <object_component_ref idref="oc-29e"/>
      </symbol>
      <symbol id="sm-43d">
         <name>Init_ADC</name>
         <value>0xd218</value>
         <object_component_ref idref="oc-3b7"/>
      </symbol>
      <symbol id="sm-43e">
         <name>DUTY_CYCLE</name>
         <value>0x211e</value>
         <object_component_ref idref="oc-300"/>
      </symbol>
      <symbol id="sm-43f">
         <name>Init_GPIO</name>
         <value>0xcd62</value>
         <object_component_ref idref="oc-3ae"/>
      </symbol>
      <symbol id="sm-440">
         <name>__TI_int48</name>
         <value>0xffe8</value>
         <object_component_ref idref="oc-73"/>
      </symbol>
      <symbol id="sm-441">
         <name>__TI_int50</name>
         <value>0xffec</value>
         <object_component_ref idref="oc-75"/>
      </symbol>
      <symbol id="sm-442">
         <name>main</name>
         <value>0xc5f0</value>
         <object_component_ref idref="oc-343"/>
      </symbol>
      <symbol id="sm-443">
         <name>Zone_Counter</name>
         <value>0x2120</value>
         <object_component_ref idref="oc-300"/>
      </symbol>
      <symbol id="sm-444">
         <name>ADCResult</name>
         <value>0x211a</value>
         <object_component_ref idref="oc-300"/>
      </symbol>
      <symbol id="sm-445">
         <name>ADCState</name>
         <value>0x2118</value>
         <object_component_ref idref="oc-300"/>
      </symbol>
      <symbol id="sm-446">
         <name>EUSCIA0_ISR</name>
         <value>0xdb80</value>
         <object_component_ref idref="oc-2a4"/>
      </symbol>
      <symbol id="sm-44f">
         <name>PMM_unlockLPM5</name>
         <value>0xe004</value>
         <object_component_ref idref="oc-3c3"/>
      </symbol>
      <symbol id="sm-460">
         <name>Timer_A_initCompareMode</name>
         <value>0xdbe2</value>
         <object_component_ref idref="oc-3e1"/>
      </symbol>
      <symbol id="sm-46b">
         <name>WDT_A_hold</name>
         <value>0xde96</value>
         <object_component_ref idref="oc-3a8"/>
      </symbol>
      <symbol id="sm-477">
         <name>__mspabi_remi</name>
         <value>0xdc98</value>
         <object_component_ref idref="oc-59d"/>
      </symbol>
      <symbol id="sm-478">
         <name>__mspabi_divi</name>
         <value>0xdc98</value>
         <object_component_ref idref="oc-59d"/>
      </symbol>
      <symbol id="sm-482">
         <name>__mspabi_remu</name>
         <value>0xdeac</value>
         <object_component_ref idref="oc-5ec"/>
      </symbol>
      <symbol id="sm-483">
         <name>__mspabi_divu</name>
         <value>0xdeac</value>
         <object_component_ref idref="oc-5ec"/>
      </symbol>
      <symbol id="sm-488">
         <name>__TI_int45</name>
         <value>0xffe2</value>
         <object_component_ref idref="oc-70"/>
      </symbol>
      <symbol id="sm-48b">
         <name>__TI_int46</name>
         <value>0xffe4</value>
         <object_component_ref idref="oc-71"/>
      </symbol>
      <symbol id="sm-48e">
         <name>__TI_int47</name>
         <value>0xffe6</value>
         <object_component_ref idref="oc-72"/>
      </symbol>
      <symbol id="sm-491">
         <name>__TI_int49</name>
         <value>0xffea</value>
         <object_component_ref idref="oc-74"/>
      </symbol>
      <symbol id="sm-494">
         <name>__TI_int51</name>
         <value>0xffee</value>
         <object_component_ref idref="oc-76"/>
      </symbol>
      <symbol id="sm-497">
         <name>__TI_int52</name>
         <value>0xfff0</value>
         <object_component_ref idref="oc-77"/>
      </symbol>
      <symbol id="sm-49a">
         <name>__TI_int53</name>
         <value>0xfff2</value>
         <object_component_ref idref="oc-78"/>
      </symbol>
      <symbol id="sm-49d">
         <name>__TI_int54</name>
         <value>0xfff4</value>
         <object_component_ref idref="oc-79"/>
      </symbol>
      <symbol id="sm-4a0">
         <name>__TI_int55</name>
         <value>0xfff6</value>
         <object_component_ref idref="oc-7a"/>
      </symbol>
      <symbol id="sm-4a3">
         <name>__TI_int56</name>
         <value>0xfff8</value>
         <object_component_ref idref="oc-7b"/>
      </symbol>
      <symbol id="sm-4a6">
         <name>__TI_int57</name>
         <value>0xfffa</value>
         <object_component_ref idref="oc-7c"/>
      </symbol>
      <symbol id="sm-4a9">
         <name>__TI_int58</name>
         <value>0xfffc</value>
         <object_component_ref idref="oc-7d"/>
      </symbol>
      <symbol id="sm-4b1">
         <name>__TI_ISR_TRAP</name>
         <value>0xdfde</value>
         <object_component_ref idref="oc-299"/>
      </symbol>
      <symbol id="sm-4ba">
         <name>__mspabi_slli</name>
         <value>0xdfaa</value>
         <object_component_ref idref="oc-4ea"/>
      </symbol>
      <symbol id="sm-4c3">
         <name>__mspabi_srli</name>
         <value>0xdfb4</value>
         <object_component_ref idref="oc-57d"/>
      </symbol>
      <symbol id="sm-4d4">
         <name>_stack</name>
         <value>0x2760</value>
         <object_component_ref idref="oc-27b"/>
      </symbol>
      <symbol id="sm-4d5">
         <name>_c_int00_noargs</name>
         <value>0xddce</value>
         <object_component_ref idref="oc-2bc"/>
      </symbol>
      <symbol id="sm-4d6">
         <name>_reset_vector</name>
         <value>0xfffe</value>
         <object_component_ref idref="oc-27e"/>
      </symbol>
      <symbol id="sm-4f8">
         <name>__TI_auto_init_nobinit_nopinit_hold_wdt</name>
         <value>0xd4f6</value>
         <object_component_ref idref="oc-40c"/>
      </symbol>
      <symbol id="sm-508">
         <name>__TI_zero_init_nomemset</name>
         <value>0xd9f6</value>
         <object_component_ref idref="oc-2aa"/>
      </symbol>
      <symbol id="sm-513">
         <name>_system_pre_init</name>
         <value>0xe01a</value>
         <object_component_ref idref="oc-33d"/>
      </symbol>
      <symbol id="sm-51c">
         <name>_system_post_cinit</name>
         <value>0xe020</value>
         <object_component_ref idref="oc-50a"/>
      </symbol>
      <symbol id="sm-52d">
         <name>__TI_decompress_none</name>
         <value>0xda72</value>
         <object_component_ref idref="oc-6a"/>
      </symbol>
      <symbol id="sm-54e">
         <name>__TI_decompress_lzss</name>
         <value>0xc9e0</value>
         <object_component_ref idref="oc-64"/>
      </symbol>
      <symbol id="sm-56b">
         <name>C$$EXIT</name>
         <value>0xe010</value>
         <object_component_ref idref="oc-3e8"/>
      </symbol>
      <symbol id="sm-56c">
         <name>abort</name>
         <value>0xe010</value>
         <object_component_ref idref="oc-3e8"/>
      </symbol>
      <symbol id="sm-56d">
         <name>__TI_enable_exit_profile_output</name>
         <value>0x2134</value>
         <object_component_ref idref="oc-4ff"/>
      </symbol>
      <symbol id="sm-56e">
         <name>exit</name>
         <value>0xd8a6</value>
         <object_component_ref idref="oc-3ee"/>
      </symbol>
      <symbol id="sm-584">
         <name>_nop</name>
         <value>0xe01e</value>
         <object_component_ref idref="oc-42c"/>
      </symbol>
      <symbol id="sm-585">
         <name>_lock</name>
         <value>0x212a</value>
         <object_component_ref idref="oc-375"/>
      </symbol>
      <symbol id="sm-586">
         <name>_unlock</name>
         <value>0x212e</value>
         <object_component_ref idref="oc-38d"/>
      </symbol>
      <symbol id="sm-595">
         <name>memcpy</name>
         <value>0xdf4c</value>
         <object_component_ref idref="oc-4a7"/>
      </symbol>
      <symbol id="sm-5c2">
         <name>printf</name>
         <value>0xd9b6</value>
         <object_component_ref idref="oc-30a"/>
      </symbol>
      <symbol id="sm-5cf">
         <name>strlen</name>
         <value>0xdf6e</value>
         <object_component_ref idref="oc-447"/>
      </symbol>
      <symbol id="sm-5da">
         <name>__memcpy_far</name>
         <value>0xd976</value>
         <object_component_ref idref="oc-28d"/>
      </symbol>
      <symbol id="sm-5e4">
         <name>__mspabi_mpyi_sw</name>
         <value>0xdf26</value>
         <object_component_ref idref="oc-5c1"/>
      </symbol>
      <symbol id="sm-5e5">
         <name>__mspabi_mpyi</name>
         <value>0xdf26</value>
         <object_component_ref idref="oc-5c1"/>
      </symbol>
      <symbol id="sm-5f4">
         <name>__TI_dtors_ptr</name>
         <value>0x2126</value>
         <object_component_ref idref="oc-502"/>
      </symbol>
      <symbol id="sm-5f5">
         <name>__TI_cleanup_ptr</name>
         <value>0x2122</value>
         <object_component_ref idref="oc-505"/>
      </symbol>
      <symbol id="sm-643">
         <name>__TI_printfi_minimal</name>
         <value>0xcace</value>
         <object_component_ref idref="oc-387"/>
      </symbol>
      <symbol id="sm-653">
         <name>__TI_tmpnams</name>
         <value>0x2258</value>
      </symbol>
      <symbol id="sm-654">
         <name>_ftable</name>
         <value>0x2078</value>
         <object_component_ref idref="oc-378"/>
      </symbol>
      <symbol id="sm-655">
         <name>__TI_ft_end</name>
         <value>0x2132</value>
         <object_component_ref idref="oc-662"/>
      </symbol>
      <symbol id="sm-668">
         <name>putc</name>
         <value>0xd10a</value>
         <object_component_ref idref="oc-440"/>
      </symbol>
      <symbol id="sm-669">
         <name>fputc</name>
         <value>0xd10a</value>
         <object_component_ref idref="oc-440"/>
      </symbol>
      <symbol id="sm-681">
         <name>fputs</name>
         <value>0xcbb2</value>
         <object_component_ref idref="oc-439"/>
      </symbol>
      <symbol id="sm-690">
         <name>memccpy</name>
         <value>0xde1e</value>
         <object_component_ref idref="oc-55b"/>
      </symbol>
      <symbol id="sm-69f">
         <name>memchr</name>
         <value>0xdefe</value>
         <object_component_ref idref="oc-536"/>
      </symbol>
      <symbol id="sm-6ad">
         <name>memset</name>
         <value>0xdf12</value>
         <object_component_ref idref="oc-54e"/>
      </symbol>
      <symbol id="sm-6ce">
         <name>_stream</name>
         <value>0x20f0</value>
         <object_component_ref idref="oc-5df"/>
      </symbol>
      <symbol id="sm-6cf">
         <name>_device</name>
         <value>0x2000</value>
         <object_component_ref idref="oc-634"/>
      </symbol>
      <symbol id="sm-6d0">
         <name>write</name>
         <value>0xdd68</value>
         <object_component_ref idref="oc-542"/>
      </symbol>
      <symbol id="sm-6e9">
         <name>__TI_wrt_ok</name>
         <value>0xd398</value>
         <object_component_ref idref="oc-530"/>
      </symbol>
      <symbol id="sm-6fa">
         <name>__TI_doflush</name>
         <value>0xd696</value>
         <object_component_ref idref="oc-53c"/>
      </symbol>
      <symbol id="sm-70a">
         <name>fseek</name>
         <value>0xd560</value>
         <object_component_ref idref="oc-5cd"/>
      </symbol>
      <symbol id="sm-717">
         <name>lseek</name>
         <value>0xdd42</value>
         <object_component_ref idref="oc-60d"/>
      </symbol>
      <symbol id="sm-72f">
         <name>setvbuf</name>
         <value>0xce2e</value>
         <object_component_ref idref="oc-5d3"/>
      </symbol>
      <symbol id="sm-73b">
         <name>HOSTclose</name>
         <value>0xd8ee</value>
         <object_component_ref idref="oc-66e"/>
      </symbol>
      <symbol id="sm-747">
         <name>HOSTlseek</name>
         <value>0xd196</value>
         <object_component_ref idref="oc-680"/>
      </symbol>
      <symbol id="sm-755">
         <name>parmbuf</name>
         <value>0x22f8</value>
      </symbol>
      <symbol id="sm-756">
         <name>HOSTopen</name>
         <value>0xd632</value>
         <object_component_ref idref="oc-668"/>
      </symbol>
      <symbol id="sm-763">
         <name>HOSTread</name>
         <value>0xd758</value>
         <object_component_ref idref="oc-674"/>
      </symbol>
      <symbol id="sm-76f">
         <name>HOSTrename</name>
         <value>0xd48c</value>
         <object_component_ref idref="oc-68c"/>
      </symbol>
      <symbol id="sm-77b">
         <name>HOSTunlink</name>
         <value>0xd934</value>
         <object_component_ref idref="oc-686"/>
      </symbol>
      <symbol id="sm-788">
         <name>HOSTwrite</name>
         <value>0xd6f8</value>
         <object_component_ref idref="oc-67a"/>
      </symbol>
      <symbol id="sm-7a6">
         <name>__TI_readmsg</name>
         <value>0xdc6c</value>
         <object_component_ref idref="oc-6b5"/>
      </symbol>
      <symbol id="sm-7a7">
         <name>C$$IO$$</name>
         <value>0xdc3a</value>
         <object_component_ref idref="oc-6af"/>
      </symbol>
      <symbol id="sm-7a8">
         <name>_CIOBUF_</name>
         <value>0x2138</value>
         <object_component_ref idref="oc-6e1"/>
      </symbol>
      <symbol id="sm-7a9">
         <name>__TI_writemsg</name>
         <value>0xdc10</value>
         <object_component_ref idref="oc-6af"/>
      </symbol>
      <symbol id="sm-7b1">
         <name>__mspabi_slll_9</name>
         <value>0xda4c</value>
         <object_component_ref idref="oc-6c2"/>
      </symbol>
      <symbol id="sm-7b2">
         <name>__mspabi_slll_8</name>
         <value>0xda50</value>
         <object_component_ref idref="oc-6c2"/>
      </symbol>
      <symbol id="sm-7b3">
         <name>__mspabi_slll_7</name>
         <value>0xda54</value>
         <object_component_ref idref="oc-6c2"/>
      </symbol>
      <symbol id="sm-7b4">
         <name>__mspabi_slll_6</name>
         <value>0xda58</value>
         <object_component_ref idref="oc-6c2"/>
      </symbol>
      <symbol id="sm-7b5">
         <name>__mspabi_slll_5</name>
         <value>0xda5c</value>
         <object_component_ref idref="oc-6c2"/>
      </symbol>
      <symbol id="sm-7b6">
         <name>__mspabi_slll_4</name>
         <value>0xda60</value>
         <object_component_ref idref="oc-6c2"/>
      </symbol>
      <symbol id="sm-7b7">
         <name>__mspabi_slll_3</name>
         <value>0xda64</value>
         <object_component_ref idref="oc-6c2"/>
      </symbol>
      <symbol id="sm-7b8">
         <name>__mspabi_slll_2</name>
         <value>0xda68</value>
         <object_component_ref idref="oc-6c2"/>
      </symbol>
      <symbol id="sm-7b9">
         <name>__mspabi_slll_1</name>
         <value>0xda6c</value>
         <object_component_ref idref="oc-6c2"/>
      </symbol>
      <symbol id="sm-7ba">
         <name>__mspabi_slll_15</name>
         <value>0xda34</value>
         <object_component_ref idref="oc-6c2"/>
      </symbol>
      <symbol id="sm-7bb">
         <name>__mspabi_slll_14</name>
         <value>0xda38</value>
         <object_component_ref idref="oc-6c2"/>
      </symbol>
      <symbol id="sm-7bc">
         <name>__mspabi_slll_13</name>
         <value>0xda3c</value>
         <object_component_ref idref="oc-6c2"/>
      </symbol>
      <symbol id="sm-7bd">
         <name>__mspabi_slll_12</name>
         <value>0xda40</value>
         <object_component_ref idref="oc-6c2"/>
      </symbol>
      <symbol id="sm-7be">
         <name>__mspabi_slll_11</name>
         <value>0xda44</value>
         <object_component_ref idref="oc-6c2"/>
      </symbol>
      <symbol id="sm-7bf">
         <name>__mspabi_slll_10</name>
         <value>0xda48</value>
         <object_component_ref idref="oc-6c2"/>
      </symbol>
      <symbol id="sm-810">
         <name>_sys_memory</name>
         <value>0x2308</value>
         <object_component_ref idref="oc-27f"/>
      </symbol>
      <symbol id="sm-811">
         <name>free</name>
         <value>0xd318</value>
         <object_component_ref idref="oc-615"/>
      </symbol>
      <symbol id="sm-812">
         <name>malloc</name>
         <value>0xcfbe</value>
         <object_component_ref idref="oc-61b"/>
      </symbol>
      <symbol id="sm-813">
         <name>minit</name>
         <value>0xdaae</value>
         <object_component_ref idref="oc-655"/>
      </symbol>
      <symbol id="sm-81f">
         <name>__TI_cleanup</name>
         <value>0xdb4e</value>
         <object_component_ref idref="oc-621"/>
      </symbol>
      <symbol id="sm-82d">
         <name>strcpy</name>
         <value>0xdf5e</value>
         <object_component_ref idref="oc-6cb"/>
      </symbol>
      <symbol id="sm-83e">
         <name>__TI_closefile</name>
         <value>0xd5ca</value>
         <object_component_ref idref="oc-65c"/>
      </symbol>
      <symbol id="sm-85d">
         <name>finddevice</name>
         <value>0xdc3e</value>
         <object_component_ref idref="oc-704"/>
      </symbol>
      <symbol id="sm-85e">
         <name>getdevice</name>
         <value>0xd7b6</value>
         <object_component_ref idref="oc-6d5"/>
      </symbol>
      <symbol id="sm-86e">
         <name>strchr</name>
         <value>0xde38</value>
         <object_component_ref idref="oc-6f8"/>
      </symbol>
      <symbol id="sm-87c">
         <name>strcmp</name>
         <value>0xde52</value>
         <object_component_ref idref="oc-71d"/>
      </symbol>
      <symbol id="sm-88c">
         <name>strncpy</name>
         <value>0xdcc4</value>
         <object_component_ref idref="oc-6fe"/>
      </symbol>
      <symbol id="sm-898">
         <name>unlink</name>
         <value>0xdcf0</value>
         <object_component_ref idref="oc-6a2"/>
      </symbol>
      <symbol id="sm-8aa">
         <name>close</name>
         <value>0xd85c</value>
         <object_component_ref idref="oc-69b"/>
      </symbol>
      <symbol id="sm-8ae">
         <name>remove</name>
         <value>0xdcf0</value>
      </symbol>
   </symbol_table>
   <title>Link successful</title>
</link_info>
